[preview.colorlib.com/theme/apart/index.html]
[backblue.gif]
[fade.gif]
[index.html]
[preview.colorlib.com/theme/apart/index-2.html]
[preview.colorlib.com/theme/apart/A.fonts,,_icomoon,,_style.css+css,,_bootstrap.min.css+css,,_magnific-popup.css+css,,_jquery-ui.css+css,,_owl.carousel.min.css+css,,_owl.theme.default.min.css+css,,_bootstrap-datepic]
[preview.colorlib.com/theme/apart/about.html]
[preview.colorlib.com/theme/apart/apartments.html]
[preview.colorlib.com/theme/apart/news.html]
[preview.colorlib.com/theme/apart/contact.html]
[preview.colorlib.com/theme/apart/images/xhero_bg_2.jpg.pagespeed.ic.RkeA1Wi3xP.jpg]
[preview.colorlib.com/theme/apart/images/xhero_bg_1.jpg.pagespeed.ic.M1boNlI2g-.jpg]
[preview.colorlib.com/theme/apart/images/ximg_1.jpg.pagespeed.ic.eBP-05LNTo.jpg]
[preview.colorlib.com/theme/apart/images/ximg_2.jpg.pagespeed.ic.xWnB9Py4eA.jpg]
[preview.colorlib.com/theme/apart/images/ximg_3.jpg.pagespeed.ic.mXdYtTWH8R.jpg]
[preview.colorlib.com/theme/apart/images/ximg_4.jpg.pagespeed.ic.Duh00FMr1m.jpg]
[preview.colorlib.com/theme/apart/images/xperson_1.jpg.pagespeed.ic.aY0iMynfWy.jpg]
[preview.colorlib.com/theme/apart/images/xperson_2.jpg.pagespeed.ic.ON2J51Y7di.jpg]
[preview.colorlib.com/theme/apart/images/xperson_3.jpg.pagespeed.ic.buktErDNfX.jpg]
[preview.colorlib.com/theme/apart/images/xperson_4.jpg.pagespeed.ic.z9AWXImWPh.jpg]
[preview.colorlib.com/theme/apart/single.html]
[preview.colorlib.com/cdn-cgi/scripts/5c5dd728/cloudflare-static/email-decode.min.js]
[preview.colorlib.com/theme/apart/js/jquery-3.3.1.min.js]
[preview.colorlib.com/theme/apart/js/jquery-migrate-3.0.1.min.js+jquery-ui.js+popper.min.js.pagespeed.jc._wxjsP_yA5.js]
[preview.colorlib.com/theme/apart/js/bootstrap.min.js]
[preview.colorlib.com/theme/apart/js/owl.carousel.min.js]
[preview.colorlib.com/theme/apart/js/mediaelement-and-player.min.js]
[preview.colorlib.com/theme/apart/js/jquery.stellar.min.js+jquery.countdown.min.js+jquery.magnific-popup.min.js+bootstrap-datepicker.min.js+aos.js.pagespeed.jc.SdLJu9DFtF.js]
[preview.colorlib.com/theme/apart/index.html]
[preview.colorlib.com/theme/apart/js/circleaudioplayer.js+main.js.pagespeed.jc.6rfjK15RzA.js]
[preview.colorlib.com/theme/apart/fonts/icomoon/fonts/icomoon1a44.eot]
[preview.colorlib.com/theme/apart/fonts/icomoon/fonts/icomoon1a44.ttf]
[preview.colorlib.com/theme/apart/fonts/icomoon/fonts/icomoon1a44.woff]
[preview.colorlib.com/theme/apart/fonts/flaticon/font/Flaticon.eot]
[preview.colorlib.com/theme/apart/fonts/icomoon/fonts/icomoon1a44.svg]
[preview.colorlib.com/theme/apart/fonts/flaticon/font/Flaticond41d.eot]
[preview.colorlib.com/theme/apart/fonts/flaticon/font/Flaticon.woff]
[preview.colorlib.com/theme/apart/fonts/flaticon/font/Flaticon.ttf]
[preview.colorlib.com/theme/apart/fonts/flaticon/font/Flaticon.svg]
[preview.colorlib.com/theme/apart/fonts/bigmug-line/fl-bigmug-line.eot]
[preview.colorlib.com/theme/apart/fonts/bigmug-line/fl-bigmug-line.woff]
[preview.colorlib.com/theme/apart/fonts/bigmug-line/fl-bigmug-line.ttf]
[preview.colorlib.com/theme/apart/fonts/bigmug-line/fl-bigmug-line.svg]
[preview.colorlib.com/theme/apart/css/images/ui-bg_gloss-wave_55_5c9ccc_500x100.png]
[preview.colorlib.com/theme/apart/css/images/ui-bg_glass_85_dfeffc_1x400.png]
[preview.colorlib.com/theme/apart/css/images/ui-bg_glass_75_d0e5f5_1x400.png]
[preview.colorlib.com/theme/apart/css/images/ui-bg_inset-hard_100_f5f8f9_1x100.png]
[preview.colorlib.com/theme/apart/css/owl.video.play.png]
[preview.colorlib.com/theme/apart/A.fonts,,_icomoon,,_style.css+css,,_bootstrap.min.css+css,,_magnific-popup.css+css,,_jquery-ui.css+css,,_owl.carousel.min.css+css,,_owl.theme.default.min.css+css,,_bootstrap-datepic]
[preview.colorlib.com/cdn-cgi/zaraz/sd0d9.js]
[preview.colorlib.com/theme/apart/index-2.html]
[preview.colorlib.com/theme/apart/about.html]
[preview.colorlib.com/theme/apart/apartments.html]
[preview.colorlib.com/theme/apart/news.html]
[preview.colorlib.com/theme/apart/contact.html]
[preview.colorlib.com/theme/apart/single.html]
[preview.colorlib.com/theme/apart/fonts/icomoon/fonts/icomoon1a44.svg]
[preview.colorlib.com/theme/apart/fonts/flaticon/font/Flaticon.svg]
[preview.colorlib.com/theme/apart/fonts/bigmug-line/fl-bigmug-line.svg]
[preview.colorlib.com/theme/apart/css/images/ui-bg_gloss-wave_55_5c9ccc_500x100.html]
[preview.colorlib.com/theme/apart/css/images/ui-bg_glass_85_dfeffc_1x400.html]
[preview.colorlib.com/theme/apart/css/images/ui-bg_glass_75_d0e5f5_1x400.html]
[preview.colorlib.com/theme/apart/css/images/ui-bg_inset-hard_100_f5f8f9_1x100.html]
[preview.colorlib.com/theme/apart/css/owl.video.play.html]
[preview.colorlib.com/theme/apart/apartment-detail.html]
[preview.colorlib.com/theme/apart/apartment-detail.html]
