[hendon.qodeinteractive.com/kensington/index.html]
[backblue.gif]
[fade.gif]
[index.html]
[hendon.qodeinteractive.com/wp-content/plugins/instagram-feed/css/sbi-styles.min4315.css]
[hendon.qodeinteractive.com/wp-content/plugins/hendon-core/inc/icons/dripicons/assets/css/dripicons.min69c8.css]
[hendon.qodeinteractive.com/wp-content/plugins/hendon-core/inc/icons/elegant-icons/assets/css/elegant-icons.min69c8.css]
[hendon.qodeinteractive.com/wp-content/plugins/hendon-core/inc/icons/font-awesome/assets/css/all.min69c8.css]
[hendon.qodeinteractive.com/wp-content/plugins/hendon-core/inc/icons/ionicons/assets/css/ionicons.min69c8.css]
[hendon.qodeinteractive.com/wp-content/plugins/hendon-core/inc/icons/linea-icons/assets/css/linea-icons.min69c8.css]
[hendon.qodeinteractive.com/wp-content/plugins/hendon-core/inc/icons/linear-icons/assets/css/linear-icons.min69c8.css]
[hendon.qodeinteractive.com/wp-content/plugins/hendon-core/inc/icons/simple-line-icons/assets/css/simple-line-icons.min69c8.css]
[hendon.qodeinteractive.com/wp-includes/css/dist/block-library/style.min69c8.css]
[hendon.qodeinteractive.com/wp-content/plugins/woocommerce/packages/woocommerce-blocks/build/wc-blocks-vendors-style5c45.css]
[hendon.qodeinteractive.com/wp-content/plugins/woocommerce/packages/woocommerce-blocks/build/wc-blocks-style5c45.css]
[hendon.qodeinteractive.com/wp-content/plugins/contact-form-7/includes/css/styles5697.css]
[hendon.qodeinteractive.com/wp-content/plugins/custom-twitter-feeds/css/ctf-styles.min29af.css]
[hendon.qodeinteractive.com/wp-content/plugins/image-map-pro-wordpress/css/image-map-pro.min9dff.css]
[export.qodethemes.com/_toolbar/assets/css/rbt-modules69c8.css]
[hendon.qodeinteractive.com/wp-content/plugins/woocommerce/assets/css/woocommerce-layout37ad.css]
[hendon.qodeinteractive.com/wp-content/plugins/woocommerce/assets/css/woocommerce-smallscreen37ad.css]
[hendon.qodeinteractive.com/wp-content/plugins/woocommerce/assets/css/woocommerce37ad.css]
[hendon.qodeinteractive.com/wp-content/plugins/wp-user-avatar/assets/css/frontend.min2072.css]
[hendon.qodeinteractive.com/wp-content/plugins/wp-user-avatar/assets/flatpickr/flatpickr.min2072.css]
[hendon.qodeinteractive.com/wp-content/plugins/wp-user-avatar/assets/select2/select2.min69c8.css]
[hendon.qodeinteractive.com/wp-content/plugins/qi-addons-for-elementor/assets/plugins/swiper/swiper.min69c8.css]
[hendon.qodeinteractive.com/wp-content/plugins/qi-addons-for-elementor/assets/css/grid.min69c8.css]
[hendon.qodeinteractive.com/wp-content/plugins/qi-addons-for-elementor/assets/css/helper-parts.min69c8.css]
[hendon.qodeinteractive.com/wp-content/plugins/qi-addons-for-elementor/assets/css/main.min69c8.css]
[hendon.qodeinteractive.com/wp-content/plugins/woocommerce/assets/css/select237ad.css]
[hendon.qodeinteractive.com/wp-content/plugins/hendon-core/inc/core-dashboard/assets/css/core-dashboard.min69c8.css]
[hendon.qodeinteractive.com/wp-content/plugins/hendon-core/assets/plugins/perfect-scrollbar/perfect-scrollbar69c8.css]
[hendon.qodeinteractive.com/wp-content/themes/hendon/assets/css/main.min69c8.css]
[hendon.qodeinteractive.com/wp-content/plugins/hendon-core/assets/css/hendon-core.min69c8.css]
[hendon.qodeinteractive.com/wp-content/themes/hendon/assets/plugins/magnific-popup/magnific-popup69c8.css]
[hendon.qodeinteractive.com/wp-content/uploads/2020/04/blog-title-img-1.jpg]
[hendon.qodeinteractive.com/wp-content/plugins/hendon-core/inc/plugins/elementor/assets/css/elementor.min69c8.css]
[hendon.qodeinteractive.com/wp-content/plugins/elementor/assets/lib/eicons/css/elementor-icons.min05c8.css]
[hendon.qodeinteractive.com/wp-content/plugins/elementor/assets/css/frontend-legacy.min49eb.css]
[hendon.qodeinteractive.com/wp-content/plugins/elementor/assets/css/frontend.min49eb.css]
[hendon.qodeinteractive.com/wp-content/uploads/elementor/css/post-10c3c1.css]
[hendon.qodeinteractive.com/wp-content/uploads/elementor/css/post-6512e58.css]
[hendon.qodeinteractive.com/wp-content/plugins/qode-zendesk-chat/assets/main69c8.css]
[hendon.qodeinteractive.com/wp-includes/js/jquery/jquery.minaf6c.js]
[hendon.qodeinteractive.com/wp-includes/js/jquery/jquery-migrate.mind617.js]
[hendon.qodeinteractive.com/wp-content/plugins/instagram-feed/js/sbi-scripts.min4315.js]
[hendon.qodeinteractive.com/wp-content/plugins/revslider/public/assets/js/rbtools.min069c.js]
[hendon.qodeinteractive.com/wp-content/plugins/revslider/public/assets/js/rs6.min069c.js]
[hendon.qodeinteractive.com/wp-content/plugins/wp-user-avatar/assets/flatpickr/flatpickr.min69c8.js]
[hendon.qodeinteractive.com/wp-content/plugins/wp-user-avatar/assets/select2/select2.min69c8.js]
[hendon.qodeinteractive.com/wp-content/uploads/2020/07/cropped-Favikon-32x32.png]
[hendon.qodeinteractive.com/wp-content/uploads/2020/07/cropped-Favikon-192x192.png]
[hendon.qodeinteractive.com/wp-content/uploads/2020/07/cropped-Favikon-180x180.png]
[hendon.qodeinteractive.com/wp-content/uploads/2020/04/logo-regular.png]
[hendon.qodeinteractive.com/wp-content/uploads/2020/04/logo-dark.png]
[hendon.qodeinteractive.com/wp-content/uploads/2020/06/logo-light.png]
[hendon.qodeinteractive.com/wp-content/uploads/2020/05/h2-slide-background-1.jpg]
[hendon.qodeinteractive.com/wp-content/plugins/revslider/public/assets/assets/dummy.png]
[hendon.qodeinteractive.com/wp-content/uploads/2020/05/h2-gallery-slider-img-2.jpg]
[hendon.qodeinteractive.com/wp-content/uploads/2020/05/h2-gallery-slider-img-1.jpg]
[hendon.qodeinteractive.com/wp-content/uploads/2020/06/h2-gallery-slider-img-3.jpg]
[hendon.qodeinteractive.com/wp-content/uploads/2020/06/h2-gallery-slider-img-4.jpg]
[hendon.qodeinteractive.com/wp-content/uploads/2020/06/icon-img-1.png]
[hendon.qodeinteractive.com/wp-content/uploads/2020/06/icon-img-2.png]
[hendon.qodeinteractive.com/wp-content/uploads/2020/06/icon-img-3.png]
[hendon.qodeinteractive.com/wp-content/uploads/2020/06/icon-img-4.png]
[hendon.qodeinteractive.com/wp-content/uploads/2020/05/h2-prop-slider-1.jpg]
[hendon.qodeinteractive.com/wp-content/uploads/2020/05/h2-prop-slider-2.jpg]
[hendon.qodeinteractive.com/wp-content/uploads/2020/06/h2-prop-slider-3.jpg]
[hendon.qodeinteractive.com/wp-content/uploads/2020/06/h2-prop-slider-4.jpg]
[hendon.qodeinteractive.com/wp-content/uploads/2020/05/clients-img-4.png]
[hendon.qodeinteractive.com/wp-content/uploads/2020/05/clients-img-4-hover.png]
[hendon.qodeinteractive.com/wp-content/uploads/2020/05/clients-img-2.png]
[hendon.qodeinteractive.com/wp-content/uploads/2020/05/clients-img-2-hover.png]
[hendon.qodeinteractive.com/wp-content/uploads/2020/05/clients-img-3.png]
[hendon.qodeinteractive.com/wp-content/uploads/2020/05/clients-img-3-hover.png]
[hendon.qodeinteractive.com/wp-content/uploads/2020/05/clients-img-1.png]
[hendon.qodeinteractive.com/wp-content/uploads/2020/05/clients-img-1-hover.png]
[hendon.qodeinteractive.com/wp-content/uploads/2020/05/clients-img-5.png]
[hendon.qodeinteractive.com/wp-content/uploads/2020/05/clients-img-5-hover.png]
[hendon.qodeinteractive.com/wp-content/uploads/2020/05/clients-img-6.png]
[hendon.qodeinteractive.com/wp-content/uploads/2020/05/clients-img-6-hover.png]
[hendon.qodeinteractive.com/wp-content/uploads/2020/05/clients-img-7.png]
[hendon.qodeinteractive.com/wp-content/uploads/2020/05/clients-img-7-hover.png]
[hendon.qodeinteractive.com/wp-content/uploads/2020/05/side-area-logo-100x100.png]
[hendon.qodeinteractive.com/wp-content/plugins/elementor/assets/lib/animations/animations.min49eb.css]
[hendon.qodeinteractive.com/wp-content/plugins/revslider/public/assets/css/rs6069c.css]
[hendon.qodeinteractive.com/wp-includes/js/dist/vendor/regenerator-runtime.minb36a.js]
[hendon.qodeinteractive.com/wp-includes/js/dist/vendor/wp-polyfill.min2c7c.js]
[hendon.qodeinteractive.com/wp-content/plugins/contact-form-7/includes/js/index5697.js]
[hendon.qodeinteractive.com/wp-content/plugins/image-map-pro-wordpress/js/image-map-pro.min9dff.js]
[export.qodethemes.com/_toolbar/assets/js/rbt-modules69c8.js]
[hendon.qodeinteractive.com/wp-content/plugins/woocommerce/assets/js/jquery-blockui/jquery.blockUI.mina19f.js]
[hendon.qodeinteractive.com/wp-content/plugins/woocommerce/assets/js/frontend/add-to-cart.min37ad.js]
[hendon.qodeinteractive.com/wp-content/plugins/woocommerce/assets/js/js-cookie/js.cookie.mincb69.js]
[hendon.qodeinteractive.com/wp-content/plugins/woocommerce/assets/js/frontend/woocommerce.min37ad.js]
[hendon.qodeinteractive.com/wp-content/plugins/woocommerce/assets/js/frontend/cart-fragments.min37ad.js]
[hendon.qodeinteractive.com/wp-content/plugins/wp-user-avatar/assets/js/frontend.min2072.js]
[hendon.qodeinteractive.com/wp-content/plugins/duracelltomi-google-tag-manager/js/gtm4wp-form-move-tracker14b6.js]
[hendon.qodeinteractive.com/wp-includes/js/jquery/ui/core.min35d0.js]
[hendon.qodeinteractive.com/wp-content/plugins/qi-addons-for-elementor/assets/js/main.min69c8.js]
[hendon.qodeinteractive.com/wp-content/plugins/hendon-core/assets/plugins/perfect-scrollbar/perfect-scrollbar.jquery.min69c8.js]
[hendon.qodeinteractive.com/wp-includes/js/hoverIntent.min73b9.js]
[hendon.qodeinteractive.com/wp-content/plugins/hendon-core/assets/plugins/jquery/jquery.easing.1.369c8.js]
[hendon.qodeinteractive.com/wp-content/plugins/hendon-core/assets/plugins/modernizr/modernizr69c8.js]
[hendon.qodeinteractive.com/wp-content/plugins/hendon-core/assets/plugins/tweenmax/tweenmax.min69c8.js]
[hendon.qodeinteractive.com/wp-content/themes/hendon/assets/js/main.min69c8.js]
[hendon.qodeinteractive.com/wp-content/plugins/hendon-core/assets/js/hendon-core.min69c8.js]
[hendon.qodeinteractive.com/wp-content/themes/hendon/assets/plugins/waitforimages/jquery.waitforimages69c8.js]
[hendon.qodeinteractive.com/wp-content/themes/hendon/assets/plugins/appear/jquery.appear69c8.js]
[hendon.qodeinteractive.com/wp-content/plugins/elementor/assets/lib/swiper/swiper.min48f5.js]
[hendon.qodeinteractive.com/wp-content/themes/hendon/assets/plugins/magnific-popup/jquery.magnific-popup.min69c8.js]
[static.zdassets.com/ekr/snippete4db.js]
[hendon.qodeinteractive.com/wp-includes/js/wp-embed.min69c8.js]
[hendon.qodeinteractive.com/wp-content/themes/hendon/inc/justified-gallery/assets/js/plugins/jquery.justifiedGallery.min68b3.js]
[hendon.qodeinteractive.com/wp-content/plugins/qi-addons-for-elementor/inc/masonry/assets/js/plugins/isotope.pkgd.min69c8.js]
[hendon.qodeinteractive.com/wp-content/plugins/qi-addons-for-elementor/inc/masonry/assets/js/plugins/packery-mode.pkgd.min69c8.js]
[hendon.qodeinteractive.com/wp-includes/js/jquery/ui/accordion.min35d0.js]
[hendon.qodeinteractive.com/wp-content/plugins/elementor/assets/js/webpack.runtime.min49eb.js]
[hendon.qodeinteractive.com/wp-content/plugins/elementor/assets/js/frontend-modules.min49eb.js]
[hendon.qodeinteractive.com/wp-content/plugins/elementor/assets/lib/waypoints/waypoints.min05da.js]
[hendon.qodeinteractive.com/wp-content/plugins/elementor/assets/lib/share-link/share-link.min49eb.js]
[hendon.qodeinteractive.com/wp-content/plugins/elementor/assets/lib/dialog/dialog.mind227.js]
[hendon.qodeinteractive.com/wp-content/plugins/elementor/assets/js/frontend.min49eb.js]
[hendon.qodeinteractive.com/wp-content/plugins/qi-addons-for-elementor/inc/plugins/elementor/assets/js/elementor69c8.js]
[hendon.qodeinteractive.com/wp-content/plugins/hendon-core/inc/plugins/elementor/assets/js/elementor69c8.js]
[hendon.qodeinteractive.com/kensington/index.html]
[hendon.qodeinteractive.com/wp-content/plugins/elementor/assets/js/preloaded-modules.min49eb.js]
[hendon.qodeinteractive.com/wp-content/plugins/instagram-feed/img/small-logo.png]
[hendon.qodeinteractive.com/wp-content/plugins/instagram-feed/css/sbi-styles.min4315.css]
[hendon.qodeinteractive.com/wp-content/plugins/hendon-core/inc/icons/dripicons/assets/css/dripicons.min69c8.css]
[hendon.qodeinteractive.com/wp-content/plugins/hendon-core/inc/icons/elegant-icons/assets/css/elegant-icons.min69c8.css]
[hendon.qodeinteractive.com/wp-content/plugins/hendon-core/inc/icons/font-awesome/assets/css/all.min69c8.css]
[hendon.qodeinteractive.com/wp-content/plugins/hendon-core/inc/icons/ionicons/assets/css/ionicons.min69c8.css]
[hendon.qodeinteractive.com/wp-content/plugins/hendon-core/inc/icons/linea-icons/assets/css/linea-icons.min69c8.css]
[hendon.qodeinteractive.com/wp-content/plugins/hendon-core/inc/icons/linear-icons/assets/css/linear-icons.min69c8.css]
[hendon.qodeinteractive.com/wp-content/plugins/hendon-core/inc/icons/simple-line-icons/assets/css/simple-line-icons.min69c8.css]
[hendon.qodeinteractive.com/wp-includes/css/dist/block-library/style.min69c8.css]
[hendon.qodeinteractive.com/wp-content/plugins/woocommerce/packages/woocommerce-blocks/build/wc-blocks-vendors-style5c45.css]
[hendon.qodeinteractive.com/wp-content/plugins/woocommerce/packages/woocommerce-blocks/build/wc-blocks-style5c45.css]
[hendon.qodeinteractive.com/wp-content/plugins/contact-form-7/includes/css/styles5697.css]
[hendon.qodeinteractive.com/wp-content/plugins/custom-twitter-feeds/css/ctf-styles.min29af.css]
[hendon.qodeinteractive.com/wp-content/plugins/image-map-pro-wordpress/css/image-map-pro.min9dff.css]
[export.qodethemes.com/_toolbar/assets/css/rbt-modules69c8.css]
[hendon.qodeinteractive.com/wp-content/plugins/woocommerce/assets/css/woocommerce-layout37ad.css]
[hendon.qodeinteractive.com/wp-content/plugins/woocommerce/assets/css/woocommerce-smallscreen37ad.css]
[hendon.qodeinteractive.com/wp-content/plugins/woocommerce/assets/css/woocommerce37ad.css]
[hendon.qodeinteractive.com/wp-content/plugins/wp-user-avatar/assets/css/material-icons/MaterialIcons-Regular.eot]
[hendon.qodeinteractive.com/wp-content/plugins/wp-user-avatar/assets/css/material-icons/MaterialIcons-Regular.woff2]
[hendon.qodeinteractive.com/wp-content/plugins/wp-user-avatar/assets/css/material-icons/MaterialIcons-Regular.woff]
[hendon.qodeinteractive.com/wp-content/plugins/wp-user-avatar/assets/css/material-icons/MaterialIcons-Regular.ttf]
[hendon.qodeinteractive.com/wp-content/plugins/wp-user-avatar/assets/images/frontend/arrow-down.png]
[hendon.qodeinteractive.com/wp-content/plugins/wp-user-avatar/assets/css/frontend.min2072.css]
[hendon.qodeinteractive.com/wp-content/plugins/wp-user-avatar/assets/flatpickr/flatpickr.min2072.css]
[hendon.qodeinteractive.com/wp-content/plugins/wp-user-avatar/assets/select2/select2.min69c8.css]
[hendon.qodeinteractive.com/wp-content/plugins/qi-addons-for-elementor/assets/plugins/swiper/swiper.min69c8.css]
[hendon.qodeinteractive.com/wp-content/plugins/qi-addons-for-elementor/assets/css/grid.min69c8.css]
[hendon.qodeinteractive.com/wp-content/plugins/qi-addons-for-elementor/assets/css/helper-parts.min69c8.css]
[hendon.qodeinteractive.com/wp-content/plugins/qi-addons-for-elementor/assets/css/main.min69c8.css]
[hendon.qodeinteractive.com/wp-content/plugins/woocommerce/assets/css/select237ad.css]
[hendon.qodeinteractive.com/wp-content/plugins/hendon-core/inc/core-dashboard/assets/css/core-dashboard.min69c8.css]
[hendon.qodeinteractive.com/wp-content/plugins/hendon-core/assets/plugins/perfect-scrollbar/perfect-scrollbar69c8.css]
[hendon.qodeinteractive.com/wp-content/themes/hendon/assets/img/pattern.png]
[hendon.qodeinteractive.com/wp-content/themes/hendon/assets/css/main.min69c8.css]
[hendon.qodeinteractive.com/wp-content/themes/hendon/assets/img/pattern4.png]
[hendon.qodeinteractive.com/wp-content/themes/hendon/assets/img/pattern-dark.png]
[hendon.qodeinteractive.com/wp-content/themes/hendon/assets/img/pattern3.png]
[hendon.qodeinteractive.com/wp-content/plugins/hendon-core/assets/css/hendon-core.min69c8.css]
[hendon.qodeinteractive.com/wp-content/themes/hendon/assets/plugins/magnific-popup/magnific-popup69c8.css]
[hendon.qodeinteractive.com/wp-content/themes/hendon/style69c8.css]
[hendon.qodeinteractive.com/wp-content/plugins/hendon-core/inc/plugins/elementor/assets/css/elementor.min69c8.css]
[hendon.qodeinteractive.com/wp-content/plugins/elementor/assets/lib/eicons/css/elementor-icons.min05c8.css]
[hendon.qodeinteractive.com/wp-content/plugins/elementor/assets/css/frontend-legacy.min49eb.css]
[hendon.qodeinteractive.com/wp-content/plugins/elementor/assets/css/frontend.min49eb.css]
[hendon.qodeinteractive.com/wp-content/uploads/elementor/css/post-10c3c1.css]
[hendon.qodeinteractive.com/wp-content/uploads/2020/05/home-1-background-patern-3.png]
[hendon.qodeinteractive.com/wp-content/uploads/elementor/css/post-6512e58.css]
[hendon.qodeinteractive.com/wp-content/plugins/qode-zendesk-chat/assets/main69c8.css]
[hendon.qodeinteractive.com/wp-content/plugins/elementor/assets/lib/animations/animations.min49eb.css]
[hendon.qodeinteractive.com/wp-content/plugins/revslider/public/assets/css/openhand.cur]
[hendon.qodeinteractive.com/wp-content/plugins/revslider/public/assets/css/closedhand.cur]
[hendon.qodeinteractive.com/wp-content/plugins/revslider/public/assets/assets/gridtile.png]
[hendon.qodeinteractive.com/wp-content/plugins/revslider/public/assets/assets/gridtile_white.png]
[hendon.qodeinteractive.com/wp-content/plugins/revslider/public/assets/assets/gridtile_3x3.png]
[hendon.qodeinteractive.com/wp-content/plugins/revslider/public/assets/assets/gridtile_3x3_white.png]
[hendon.qodeinteractive.com/wp-content/plugins/revslider/public/assets/assets/coloredbg.png]
[hendon.qodeinteractive.com/wp-content/plugins/revslider/public/assets/assets/loader.gif]
[hendon.qodeinteractive.com/wp-content/plugins/revslider/public/assets/css/rs6069c.css]
[toolbar.qodeinteractive.com/_toolbar/assets/img/rbt-placeholder.jpg]
[export.qodethemes.com/_toolbar/assets/js/rbt-modules69c8.js]
