[hendon.qodeinteractive.com/index.html]
[backblue.gif]
[fade.gif]
[index.html]
[hendon.qodeinteractive.com/wp-content/plugins/instagram-feed/css/sbi-styles.min4315.css]
[hendon.qodeinteractive.com/wp-content/plugins/hendon-core/inc/icons/dripicons/assets/css/dripicons.min69c8.css]
[hendon.qodeinteractive.com/wp-content/plugins/hendon-core/inc/icons/elegant-icons/assets/css/elegant-icons.min69c8.css]
[hendon.qodeinteractive.com/wp-content/plugins/hendon-core/inc/icons/font-awesome/assets/css/all.min69c8.css]
[hendon.qodeinteractive.com/feed/index.html]
[hendon.qodeinteractive.com/wp-content/plugins/hendon-core/inc/icons/ionicons/assets/css/ionicons.min69c8.css]
[hendon.qodeinteractive.com/comments/feed/index.html]
[hendon.qodeinteractive.com/wp-content/plugins/hendon-core/inc/icons/linea-icons/assets/css/linea-icons.min69c8.css]
[hendon.qodeinteractive.com/wp-content/plugins/hendon-core/inc/icons/linear-icons/assets/css/linear-icons.min69c8.css]
[hendon.qodeinteractive.com/wp-content/plugins/hendon-core/inc/icons/simple-line-icons/assets/css/simple-line-icons.min69c8.css]
[hendon.qodeinteractive.com/wp-includes/css/dist/block-library/style.min69c8.css]
[hendon.qodeinteractive.com/wp-content/plugins/woocommerce/packages/woocommerce-blocks/build/wc-blocks-vendors-style5c45.css]
[hendon.qodeinteractive.com/wp-content/plugins/woocommerce/packages/woocommerce-blocks/build/wc-blocks-style5c45.css]
[hendon.qodeinteractive.com/wp-content/plugins/contact-form-7/includes/css/styles5697.css]
[hendon.qodeinteractive.com/wp-content/plugins/custom-twitter-feeds/css/ctf-styles.min29af.css]
[hendon.qodeinteractive.com/wp-content/plugins/image-map-pro-wordpress/css/image-map-pro.min9dff.css]
[export.qodethemes.com/_toolbar/assets/css/rbt-modules69c8.css]
[hendon.qodeinteractive.com/wp-content/plugins/woocommerce/assets/css/woocommerce-layout37ad.css]
[hendon.qodeinteractive.com/wp-content/plugins/woocommerce/assets/css/woocommerce-smallscreen37ad.css]
[hendon.qodeinteractive.com/wp-content/plugins/woocommerce/assets/css/woocommerce37ad.css]
[hendon.qodeinteractive.com/wp-content/plugins/wp-user-avatar/assets/css/frontend.min2072.css]
[hendon.qodeinteractive.com/wp-content/plugins/wp-user-avatar/assets/flatpickr/flatpickr.min2072.css]
[hendon.qodeinteractive.com/wp-content/plugins/wp-user-avatar/assets/select2/select2.min69c8.css]
[hendon.qodeinteractive.com/wp-content/plugins/qi-addons-for-elementor/assets/plugins/swiper/swiper.min69c8.css]
[hendon.qodeinteractive.com/wp-content/plugins/qi-addons-for-elementor/assets/css/grid.min69c8.css]
[hendon.qodeinteractive.com/wp-content/plugins/qi-addons-for-elementor/assets/css/helper-parts.min69c8.css]
[hendon.qodeinteractive.com/wp-content/plugins/qi-addons-for-elementor/assets/css/main.min69c8.css]
[hendon.qodeinteractive.com/wp-content/plugins/woocommerce/assets/css/select237ad.css]
[hendon.qodeinteractive.com/wp-content/plugins/hendon-core/inc/core-dashboard/assets/css/core-dashboard.min69c8.css]
[hendon.qodeinteractive.com/wp-content/plugins/hendon-core/assets/plugins/perfect-scrollbar/perfect-scrollbar69c8.css]
[hendon.qodeinteractive.com/wp-content/themes/hendon/assets/css/main.min69c8.css]
[hendon.qodeinteractive.com/wp-content/plugins/hendon-core/assets/css/hendon-core.min69c8.css]
[hendon.qodeinteractive.com/wp-content/themes/hendon/assets/plugins/magnific-popup/magnific-popup69c8.css]
[hendon.qodeinteractive.com/wp-content/themes/hendon/style69c8.css]
[hendon.qodeinteractive.com/wp-content/uploads/2020/04/blog-title-img-1.jpg]
[hendon.qodeinteractive.com/wp-content/plugins/hendon-core/inc/plugins/elementor/assets/css/elementor.min69c8.css]
[hendon.qodeinteractive.com/wp-content/plugins/elementor/assets/lib/eicons/css/elementor-icons.min05c8.css]
[hendon.qodeinteractive.com/wp-content/plugins/elementor/assets/css/frontend-legacy.min49eb.css]
[hendon.qodeinteractive.com/wp-content/plugins/elementor/assets/css/frontend.min49eb.css]
[hendon.qodeinteractive.com/wp-content/uploads/elementor/css/post-10c3c1.css]
[hendon.qodeinteractive.com/wp-content/uploads/elementor/css/post-395c3c1.css]
[hendon.qodeinteractive.com/wp-content/plugins/qode-zendesk-chat/assets/main69c8.css]
[hendon.qodeinteractive.com/wp-includes/js/jquery/jquery.minaf6c.js]
[hendon.qodeinteractive.com/wp-includes/js/jquery/jquery-migrate.mind617.js]
[hendon.qodeinteractive.com/wp-content/plugins/instagram-feed/js/sbi-scripts.min4315.js]
[hendon.qodeinteractive.com/wp-content/plugins/revslider/public/assets/js/rbtools.min069c.js]
[hendon.qodeinteractive.com/wp-content/plugins/revslider/public/assets/js/rs6.min069c.js]
[hendon.qodeinteractive.com/wp-content/plugins/wp-user-avatar/assets/flatpickr/flatpickr.min69c8.js]
[hendon.qodeinteractive.com/wp-content/plugins/wp-user-avatar/assets/select2/select2.min69c8.js]
[hendon.qodeinteractive.com/wp-json/index.html]
[hendon.qodeinteractive.com/wp-json/wp/v2/pages/395.json]
[hendon.qodeinteractive.com/xmlrpc0db0.php]
[hendon.qodeinteractive.com/wp-includes/wlwmanifest.xml]
[hendon.qodeinteractive.com/wp-json/oembed/1.0/embedfcec.json]
[hendon.qodeinteractive.com/wp-json/oembed/1.0/embed932b]
[hendon.qodeinteractive.com/wp-content/uploads/2020/07/cropped-Favikon-32x32.png]
[hendon.qodeinteractive.com/wp-content/uploads/2020/07/cropped-Favikon-192x192.png]
[hendon.qodeinteractive.com/wp-content/uploads/2020/07/cropped-Favikon-180x180.png]
[hendon.qodeinteractive.com/404]
[hendon.qodeinteractive.com/greenwich/index.html]
[hendon.qodeinteractive.com/contact-us/index.html]
[hendon.qodeinteractive.com/chelsea/index.html]
[hendon.qodeinteractive.com/kensington/index.html]
[hendon.qodeinteractive.com/wp-content/uploads/2020/04/logo-regular.png]
[hendon.qodeinteractive.com/wp-content/uploads/2020/04/logo-dark.png]
[hendon.qodeinteractive.com/wp-content/uploads/2020/06/logo-light.png]
[hendon.qodeinteractive.com/fulham/index.html]
[hendon.qodeinteractive.com/lambeth/index.html]
[hendon.qodeinteractive.com/wp-content/plugins/revslider/public/assets/assets/dummy.png]
[hendon.qodeinteractive.com/about-us/index.html]
[hendon.qodeinteractive.com/services/index.html]
[hendon.qodeinteractive.com/wp-content/uploads/2020/04/apart-img-1.jpg]
[hendon.qodeinteractive.com/southwark/index.html]
[hendon.qodeinteractive.com/faq/index.html]
[hendon.qodeinteractive.com/get-in-touch/index.html]
[hendon.qodeinteractive.com/coming-soon/index.html]
[hendon.qodeinteractive.com/wp-content/uploads/2020/04/apart-img-2.jpg]
[hendon.qodeinteractive.com/info-adjacent/index.html]
[hendon.qodeinteractive.com/property-slider/index.html]
[hendon.qodeinteractive.com/wp-content/uploads/2020/06/icon-img-1.png]
[hendon.qodeinteractive.com/property-item/project-complex/index.html]
[hendon.qodeinteractive.com/info-bellow/index.html]
[hendon.qodeinteractive.com/wp-content/uploads/2020/06/icon-img-2.png]
[hendon.qodeinteractive.com/feature-bellow/index.html]
[hendon.qodeinteractive.com/wp-content/uploads/2020/06/icon-img-3.png]
[hendon.qodeinteractive.com/apartment-item/lux-apartment/index.html]
[hendon.qodeinteractive.com/wp-content/uploads/2020/06/icon-img-4.png]
[hendon.qodeinteractive.com/blog-right-sidebar/index.html]
[hendon.qodeinteractive.com/blog-left-sidebar/index.html]
[hendon.qodeinteractive.com/wp-content/uploads/2020/06/icon-img-5.png]
[hendon.qodeinteractive.com/blog-no-sidebar/index.html]
[hendon.qodeinteractive.com/wp-content/uploads/2020/06/icon-img-6.png]
[hendon.qodeinteractive.com/homes-to-inspire/index.html]
[hendon.qodeinteractive.com/wp-content/uploads/2020/05/h1-apart-feature-1.jpg]
[hendon.qodeinteractive.com/pure-white-stylish/index.html]
[hendon.qodeinteractive.com/bathroom-oasis/index.html]
[hendon.qodeinteractive.com/clever-remodel/index.html]
[hendon.qodeinteractive.com/wp-content/uploads/2020/05/h1-apart-feature-2.jpg]
[hendon.qodeinteractive.com/wp-content/uploads/2020/05/h1-apart-feature-3.jpg]
[hendon.qodeinteractive.com/warm-interior/index.html]
[hendon.qodeinteractive.com/visualize-project/index.html]
[hendon.qodeinteractive.com/ultimate-design/index.html]
[hendon.qodeinteractive.com/wp-content/uploads/2020/05/h1-apart-feature-4.jpg]
[hendon.qodeinteractive.com/wp-content/uploads/2020/05/h1-apart-feature-5.jpg]
[hendon.qodeinteractive.com/landing/index.html]
[hendon.qodeinteractive.com/apartment-item/west-complex/index.html]
[hendon.qodeinteractive.com/apartment-item/apartment-block/index.html]
[hendon.qodeinteractive.com/apartment-item/east-complex/index.html]
[hendon.qodeinteractive.com/wp-content/uploads/2020/05/h1-apart-feature-6.jpg]
[hendon.qodeinteractive.com/apartment-item/south-complex/index.html]
[hendon.qodeinteractive.com/apartment-item/modern-studio/index.html]
[hendon.qodeinteractive.com/wp-content/uploads/2020/04/mapa-1.png]
[hendon.qodeinteractive.com/wp-content/uploads/2020/04/mapa-2.png]
[hendon.qodeinteractive.com/wp-content/uploads/2020/04/prop-icon-1.png]
[hendon.qodeinteractive.com/wp-content/uploads/2020/04/prop-icon-4.png]
[hendon.qodeinteractive.com/apartment-item/apartment/index.html]
[hendon.qodeinteractive.com/apartment-item/modern-suite/index.html]
[hendon.qodeinteractive.com/wp-content/uploads/2020/04/prop-icon-5.png]
[hendon.qodeinteractive.com/apartment-item/simplex/index.html]
[hendon.qodeinteractive.com/apartment-item/duplex/index.html]
[hendon.qodeinteractive.com/wp-content/uploads/2020/04/prop-icon-6.png]
[hendon.qodeinteractive.com/wp-content/uploads/2020/04/prop-icon-2.png]
[hendon.qodeinteractive.com/apartment-item/studio/index.html]
[hendon.qodeinteractive.com/wp-content/uploads/2020/04/prop-icon-3.png]
[hendon.qodeinteractive.com/wp-content/uploads/2020/05/home-1-blog-list-img-1.jpg]
[hendon.qodeinteractive.com/apartment-item/penthouse/index.html]
[hendon.qodeinteractive.com/wp-content/uploads/2020/05/home-1-blog-list-img-2.jpg]
[hendon.qodeinteractive.com/apartment-item/double-height/index.html]
[hendon.qodeinteractive.com/2020/05/index.html]
[hendon.qodeinteractive.com/wp-content/uploads/2020/04/testimonial-img-2.png]
[hendon.qodeinteractive.com/wp-content/uploads/2020/04/testimonial-img-1.png]
[hendon.qodeinteractive.com/bedroom-ideas/index.html]
[hendon.qodeinteractive.com/safe-for-kids/index.html]
[hendon.qodeinteractive.com/wp-content/uploads/2020/05/home-1-client-1.png]
[hendon.qodeinteractive.com/2020/04/index.html]
[hendon.qodeinteractive.com/wp-content/uploads/2020/05/home-1-client-1-hover.png]
[hendon.qodeinteractive.com/wp-content/uploads/2020/05/home-1-client-2.png]
[hendon.qodeinteractive.com/wp-content/uploads/2020/05/home-1-client-2-hover.png]
[hendon.qodeinteractive.com/wp-content/uploads/2020/05/home-1-client-3.png]
[hendon.qodeinteractive.com/wp-content/uploads/2020/05/home-1-client-3-hover.png]
[hendon.qodeinteractive.com/wp-content/uploads/2020/05/home-1-client-4.png]
[hendon.qodeinteractive.com/wp-content/uploads/2020/05/home-1-client-4-hover.png]
[hendon.qodeinteractive.com/wp-content/uploads/2020/05/home-1-client-5.png]
[hendon.qodeinteractive.com/wp-content/uploads/2020/05/home-1-client-5-hover.png]
[hendon.qodeinteractive.com/wp-content/uploads/2020/05/home-1-client-6.png]
[hendon.qodeinteractive.com/wp-content/uploads/2020/05/home-1-client-6-hover.png]
[hendon.qodeinteractive.com/wp-content/uploads/2020/05/home-1-client-7-1.png]
[hendon.qodeinteractive.com/wp-content/uploads/2020/05/home-1-client-7-hover-1.png]
[hendon.qodeinteractive.com/wp-content/uploads/2020/05/side-area-logo-100x100.png]
[hendon.qodeinteractive.com/wp-content/plugins/elementor/assets/lib/animations/animations.min49eb.css]
[hendon.qodeinteractive.com/wp-content/plugins/revslider/public/assets/css/rs6069c.css]
[hendon.qodeinteractive.com/wp-includes/js/dist/vendor/regenerator-runtime.minb36a.js]
[hendon.qodeinteractive.com/wp-includes/js/dist/vendor/wp-polyfill.min2c7c.js]
[hendon.qodeinteractive.com/wp-content/plugins/contact-form-7/includes/js/index5697.js]
[hendon.qodeinteractive.com/wp-content/plugins/image-map-pro-wordpress/js/image-map-pro.min9dff.js]
[export.qodethemes.com/_toolbar/assets/js/rbt-modules69c8.js]
[hendon.qodeinteractive.com/wp-content/plugins/woocommerce/assets/js/jquery-blockui/jquery.blockUI.mina19f.js]
[hendon.qodeinteractive.com/wp-content/plugins/woocommerce/assets/js/frontend/add-to-cart.min37ad.js]
[hendon.qodeinteractive.com/wp-content/plugins/woocommerce/assets/js/js-cookie/js.cookie.mincb69.js]
[hendon.qodeinteractive.com/wp-content/plugins/woocommerce/assets/js/frontend/woocommerce.min37ad.js]
[hendon.qodeinteractive.com/wp-content/plugins/woocommerce/assets/js/frontend/cart-fragments.min37ad.js]
[hendon.qodeinteractive.com/wp-content/plugins/wp-user-avatar/assets/js/frontend.min2072.js]
[hendon.qodeinteractive.com/wp-content/plugins/duracelltomi-google-tag-manager/js/gtm4wp-form-move-tracker14b6.js]
[hendon.qodeinteractive.com/wp-includes/js/jquery/ui/core.min35d0.js]
[hendon.qodeinteractive.com/wp-content/plugins/qi-addons-for-elementor/assets/js/main.min69c8.js]
[hendon.qodeinteractive.com/wp-content/plugins/hendon-core/assets/plugins/perfect-scrollbar/perfect-scrollbar.jquery.min69c8.js]
[hendon.qodeinteractive.com/wp-includes/js/hoverIntent.min73b9.js]
[hendon.qodeinteractive.com/wp-content/plugins/hendon-core/assets/plugins/jquery/jquery.easing.1.369c8.js]
[hendon.qodeinteractive.com/wp-content/plugins/hendon-core/assets/plugins/modernizr/modernizr69c8.js]
[hendon.qodeinteractive.com/wp-content/plugins/hendon-core/assets/plugins/tweenmax/tweenmax.min69c8.js]
[hendon.qodeinteractive.com/wp-content/themes/hendon/assets/js/main.min69c8.js]
[hendon.qodeinteractive.com/wp-content/plugins/hendon-core/assets/js/hendon-core.min69c8.js]
[hendon.qodeinteractive.com/wp-content/themes/hendon/assets/plugins/waitforimages/jquery.waitforimages69c8.js]
[hendon.qodeinteractive.com/wp-content/themes/hendon/assets/plugins/appear/jquery.appear69c8.js]
[hendon.qodeinteractive.com/wp-content/plugins/elementor/assets/lib/swiper/swiper.min48f5.js]
[hendon.qodeinteractive.com/wp-content/themes/hendon/assets/plugins/magnific-popup/jquery.magnific-popup.min69c8.js]
[static.zdassets.com/ekr/snippete4db.js]
[hendon.qodeinteractive.com/wp-includes/js/wp-embed.min69c8.js]
[hendon.qodeinteractive.com/wp-content/themes/hendon/inc/justified-gallery/assets/js/plugins/jquery.justifiedGallery.min68b3.js]
[hendon.qodeinteractive.com/wp-content/plugins/qi-addons-for-elementor/inc/masonry/assets/js/plugins/isotope.pkgd.min69c8.js]
[hendon.qodeinteractive.com/wp-content/plugins/qi-addons-for-elementor/inc/masonry/assets/js/plugins/packery-mode.pkgd.min69c8.js]
[hendon.qodeinteractive.com/wp-includes/js/jquery/ui/tabs.min35d0.js]
[hendon.qodeinteractive.com/wp-includes/js/mediaelement/mediaelement-and-player.min08e1.js]
[hendon.qodeinteractive.com/wp-includes/js/mediaelement/mediaelement-migrate.min69c8.js]
[hendon.qodeinteractive.com/wp-includes/js/mediaelement/wp-mediaelement.min69c8.js]
[hendon.qodeinteractive.com/wp-includes/js/mediaelement/renderers/vimeo.min08e1.js]
[hendon.qodeinteractive.com/wp-content/plugins/elementor/assets/js/webpack.runtime.min49eb.js]
[hendon.qodeinteractive.com/wp-content/plugins/elementor/assets/js/frontend-modules.min49eb.js]
[hendon.qodeinteractive.com/wp-content/plugins/elementor/assets/lib/waypoints/waypoints.min05da.js]
[hendon.qodeinteractive.com/wp-content/plugins/elementor/assets/lib/share-link/share-link.min49eb.js]
[hendon.qodeinteractive.com/wp-content/plugins/elementor/assets/lib/dialog/dialog.mind227.js]
[hendon.qodeinteractive.com/wp-content/plugins/elementor/assets/js/frontend.min49eb.js]
[hendon.qodeinteractive.com/wp-content/plugins/qi-addons-for-elementor/inc/plugins/elementor/assets/js/elementor69c8.js]
[hendon.qodeinteractive.com/wp-content/plugins/hendon-core/inc/plugins/elementor/assets/js/elementor69c8.js]
[hendon.qodeinteractive.com/index.html]
[hendon.qodeinteractive.com/wp-content/plugins/elementor/assets/js/preloaded-modules.min49eb.js]
[hendon.qodeinteractive.com/wp-content/plugins/instagram-feed/img/small-logo.png]
[hendon.qodeinteractive.com/wp-content/plugins/instagram-feed/css/sbi-styles.min4315.css]
[hendon.qodeinteractive.com/wp-content/plugins/hendon-core/inc/icons/dripicons/assets/css/dripicons.min69c8.css]
[hendon.qodeinteractive.com/wp-content/plugins/hendon-core/inc/icons/dripicons/assets/fonts/dripicons-v2.eot]
[hendon.qodeinteractive.com/wp-content/plugins/hendon-core/inc/icons/elegant-icons/assets/fonts/ElegantIcons.eot]
[hendon.qodeinteractive.com/wp-content/plugins/hendon-core/inc/icons/elegant-icons/assets/fonts/ElegantIconsd41d.eot]
[hendon.qodeinteractive.com/wp-content/plugins/hendon-core/inc/icons/elegant-icons/assets/fonts/ElegantIcons.woff]
[hendon.qodeinteractive.com/wp-content/plugins/hendon-core/inc/icons/elegant-icons/assets/fonts/ElegantIcons.ttf]
[hendon.qodeinteractive.com/wp-content/plugins/hendon-core/inc/icons/elegant-icons/assets/css/elegant-icons.min69c8.css]
[hendon.qodeinteractive.com/wp-content/plugins/hendon-core/inc/icons/elegant-icons/assets/fonts/ElegantIcons.svg]
[hendon.qodeinteractive.com/wp-content/plugins/hendon-core/inc/icons/font-awesome/assets/webfonts/fa-brands-400.eot]
[hendon.qodeinteractive.com/wp-content/plugins/hendon-core/inc/icons/font-awesome/assets/webfonts/fa-brands-400d41d.eot]
[hendon.qodeinteractive.com/wp-content/plugins/hendon-core/inc/icons/font-awesome/assets/webfonts/fa-brands-400.woff2]
[hendon.qodeinteractive.com/wp-content/plugins/hendon-core/inc/icons/font-awesome/assets/webfonts/fa-brands-400.woff]
[hendon.qodeinteractive.com/wp-content/plugins/hendon-core/inc/icons/font-awesome/assets/webfonts/fa-brands-400.ttf]
[hendon.qodeinteractive.com/wp-content/plugins/hendon-core/inc/icons/font-awesome/assets/webfonts/fa-brands-400.svg]
[hendon.qodeinteractive.com/wp-content/plugins/hendon-core/inc/icons/font-awesome/assets/webfonts/fa-regular-400.eot]
[hendon.qodeinteractive.com/wp-content/plugins/hendon-core/inc/icons/font-awesome/assets/webfonts/fa-regular-400d41d.eot]
[hendon.qodeinteractive.com/wp-content/plugins/hendon-core/inc/icons/font-awesome/assets/webfonts/fa-regular-400.woff2]
[hendon.qodeinteractive.com/wp-content/plugins/hendon-core/inc/icons/font-awesome/assets/webfonts/fa-regular-400.woff]
[hendon.qodeinteractive.com/wp-content/plugins/hendon-core/inc/icons/font-awesome/assets/webfonts/fa-regular-400.ttf]
[hendon.qodeinteractive.com/wp-content/plugins/hendon-core/inc/icons/font-awesome/assets/webfonts/fa-regular-400.svg]
[hendon.qodeinteractive.com/wp-content/plugins/hendon-core/inc/icons/font-awesome/assets/webfonts/fa-solid-900.eot]
[hendon.qodeinteractive.com/wp-content/plugins/hendon-core/inc/icons/font-awesome/assets/webfonts/fa-solid-900d41d.eot]
[hendon.qodeinteractive.com/wp-content/plugins/hendon-core/inc/icons/font-awesome/assets/webfonts/fa-solid-900.woff2]
[hendon.qodeinteractive.com/wp-content/plugins/hendon-core/inc/icons/font-awesome/assets/webfonts/fa-solid-900.woff]
[hendon.qodeinteractive.com/wp-content/plugins/hendon-core/inc/icons/font-awesome/assets/webfonts/fa-solid-900.ttf]
[hendon.qodeinteractive.com/wp-content/plugins/hendon-core/inc/icons/font-awesome/assets/css/all.min69c8.css]
[hendon.qodeinteractive.com/wp-content/plugins/hendon-core/inc/icons/font-awesome/assets/webfonts/fa-solid-900.svg]
[hendon.qodeinteractive.com/wp-content/plugins/hendon-core/inc/icons/ionicons/assets/fonts/ioniconsde33.eot]
[hendon.qodeinteractive.com/wp-content/plugins/hendon-core/inc/icons/ionicons/assets/fonts/ioniconsde33.woff2]
[hendon.qodeinteractive.com/wp-content/plugins/hendon-core/inc/icons/ionicons/assets/fonts/ioniconsde33.woff]
[hendon.qodeinteractive.com/wp-content/plugins/hendon-core/inc/icons/ionicons/assets/fonts/ioniconsde33.ttf]
[hendon.qodeinteractive.com/wp-content/plugins/hendon-core/inc/icons/ionicons/assets/css/ionicons.min69c8.css]
[hendon.qodeinteractive.com/wp-content/plugins/hendon-core/inc/icons/ionicons/assets/fonts/ioniconsde33.svg]
[hendon.qodeinteractive.com/wp-content/plugins/hendon-core/inc/icons/linea-icons/assets/fonts/arrows/fonts/linea-arrows-10.eot]
[hendon.qodeinteractive.com/wp-content/plugins/hendon-core/inc/icons/linea-icons/assets/fonts/arrows/fonts/linea-arrows-10d41d.eot]
[hendon.qodeinteractive.com/wp-content/plugins/hendon-core/inc/icons/linea-icons/assets/fonts/arrows/fonts/linea-arrows-10.woff]
[hendon.qodeinteractive.com/wp-content/plugins/hendon-core/inc/icons/linea-icons/assets/fonts/arrows/fonts/linea-arrows-10.ttf]
[hendon.qodeinteractive.com/wp-content/plugins/hendon-core/inc/icons/linea-icons/assets/fonts/arrows/fonts/linea-arrows-10.svg]
[hendon.qodeinteractive.com/wp-content/plugins/hendon-core/inc/icons/linea-icons/assets/fonts/basic/fonts/linea-basic-10.eot]
[hendon.qodeinteractive.com/wp-content/plugins/hendon-core/inc/icons/linea-icons/assets/fonts/basic/fonts/linea-basic-10d41d.eot]
[hendon.qodeinteractive.com/wp-content/plugins/hendon-core/inc/icons/linea-icons/assets/fonts/basic/fonts/linea-basic-10.woff]
[hendon.qodeinteractive.com/wp-content/plugins/hendon-core/inc/icons/linea-icons/assets/fonts/basic/fonts/linea-basic-10.ttf]
[hendon.qodeinteractive.com/wp-content/plugins/hendon-core/inc/icons/linea-icons/assets/fonts/basic/fonts/linea-basic-10.svg]
[hendon.qodeinteractive.com/wp-content/plugins/hendon-core/inc/icons/linea-icons/assets/fonts/basic-elaboration/fonts/linea-basic-elaboration-10.eot]
[hendon.qodeinteractive.com/wp-content/plugins/hendon-core/inc/icons/linea-icons/assets/fonts/basic-elaboration/fonts/linea-basic-elaboration-10d41d.eot]
[hendon.qodeinteractive.com/wp-content/plugins/hendon-core/inc/icons/linea-icons/assets/fonts/basic-elaboration/fonts/linea-basic-elaboration-10.woff]
[hendon.qodeinteractive.com/wp-content/plugins/hendon-core/inc/icons/linea-icons/assets/fonts/basic-elaboration/fonts/linea-basic-elaboration-10.ttf]
[hendon.qodeinteractive.com/wp-content/plugins/hendon-core/inc/icons/linea-icons/assets/fonts/basic-elaboration/fonts/linea-basic-elaboration-10.svg]
[hendon.qodeinteractive.com/wp-content/plugins/hendon-core/inc/icons/linea-icons/assets/fonts/ecommerce/fonts/linea-ecommerce-10.eot]
[hendon.qodeinteractive.com/wp-content/plugins/hendon-core/inc/icons/linea-icons/assets/fonts/ecommerce/fonts/linea-ecommerce-10d41d.eot]
[hendon.qodeinteractive.com/wp-content/plugins/hendon-core/inc/icons/linea-icons/assets/fonts/ecommerce/fonts/linea-ecommerce-10.woff]
[hendon.qodeinteractive.com/wp-content/plugins/hendon-core/inc/icons/linea-icons/assets/fonts/ecommerce/fonts/linea-ecommerce-10.ttf]
[hendon.qodeinteractive.com/wp-content/plugins/hendon-core/inc/icons/linea-icons/assets/fonts/ecommerce/fonts/linea-ecommerce-10.svg]
[hendon.qodeinteractive.com/wp-content/plugins/hendon-core/inc/icons/linea-icons/assets/fonts/music/fonts/linea-music-10.eot]
[hendon.qodeinteractive.com/wp-content/plugins/hendon-core/inc/icons/linea-icons/assets/fonts/music/fonts/linea-music-10d41d.eot]
[hendon.qodeinteractive.com/wp-content/plugins/hendon-core/inc/icons/linea-icons/assets/fonts/music/fonts/linea-music-10.woff]
[hendon.qodeinteractive.com/wp-content/plugins/hendon-core/inc/icons/linea-icons/assets/fonts/music/fonts/linea-music-10.ttf]
[hendon.qodeinteractive.com/wp-content/plugins/hendon-core/inc/icons/linea-icons/assets/fonts/music/fonts/linea-music-10.svg]
[hendon.qodeinteractive.com/wp-content/plugins/hendon-core/inc/icons/linea-icons/assets/fonts/software/fonts/linea-software-10.eot]
[hendon.qodeinteractive.com/wp-content/plugins/hendon-core/inc/icons/linea-icons/assets/fonts/software/fonts/linea-software-10d41d.eot]
[hendon.qodeinteractive.com/wp-content/plugins/hendon-core/inc/icons/linea-icons/assets/fonts/software/fonts/linea-software-10.woff]
[hendon.qodeinteractive.com/wp-content/plugins/hendon-core/inc/icons/linea-icons/assets/fonts/software/fonts/linea-software-10.ttf]
[hendon.qodeinteractive.com/wp-content/plugins/hendon-core/inc/icons/linea-icons/assets/fonts/software/fonts/linea-software-10.svg]
[hendon.qodeinteractive.com/wp-content/plugins/hendon-core/inc/icons/linea-icons/assets/fonts/weather/fonts/linea-weather-10.eot]
[hendon.qodeinteractive.com/wp-content/plugins/hendon-core/inc/icons/linea-icons/assets/fonts/weather/fonts/linea-weather-10d41d.eot]
[hendon.qodeinteractive.com/wp-content/plugins/hendon-core/inc/icons/linea-icons/assets/fonts/weather/fonts/linea-weather-10.woff]
[hendon.qodeinteractive.com/wp-content/plugins/hendon-core/inc/icons/linea-icons/assets/fonts/weather/fonts/linea-weather-10.ttf]
[hendon.qodeinteractive.com/wp-content/plugins/hendon-core/inc/icons/linea-icons/assets/css/linea-icons.min69c8.css]
[hendon.qodeinteractive.com/wp-content/plugins/hendon-core/inc/icons/linea-icons/assets/fonts/weather/fonts/linea-weather-10.svg]
[hendon.qodeinteractive.com/wp-content/plugins/hendon-core/inc/icons/linear-icons/assets/fonts/Linearicons-Free54e9.eot]
[hendon.qodeinteractive.com/wp-content/plugins/hendon-core/inc/icons/linear-icons/assets/fonts/Linearicons-Freed41d.eot]
[hendon.qodeinteractive.com/wp-content/plugins/hendon-core/inc/icons/linear-icons/assets/fonts/Linearicons-Free54e9.woff2]
[hendon.qodeinteractive.com/wp-content/plugins/hendon-core/inc/icons/linear-icons/assets/fonts/Linearicons-Free54e9.woff]
[hendon.qodeinteractive.com/wp-content/plugins/hendon-core/inc/icons/linear-icons/assets/fonts/Linearicons-Free54e9.ttf]
[hendon.qodeinteractive.com/wp-content/plugins/hendon-core/inc/icons/linear-icons/assets/css/linear-icons.min69c8.css]
[hendon.qodeinteractive.com/wp-content/plugins/hendon-core/inc/icons/linear-icons/assets/fonts/Linearicons-Free54e9.svg]
[hendon.qodeinteractive.com/wp-content/plugins/hendon-core/inc/icons/simple-line-icons/assets/fonts/Simple-Line-Iconsb26c.eot]
[hendon.qodeinteractive.com/wp-content/plugins/hendon-core/inc/icons/simple-line-icons/assets/fonts/Simple-Line-Iconsb26c.woff2]
[hendon.qodeinteractive.com/wp-content/plugins/hendon-core/inc/icons/simple-line-icons/assets/fonts/Simple-Line-Iconsb26c.ttf]
[hendon.qodeinteractive.com/wp-content/plugins/hendon-core/inc/icons/simple-line-icons/assets/fonts/Simple-Line-Iconsb26c.woff]
[hendon.qodeinteractive.com/wp-content/plugins/hendon-core/inc/icons/simple-line-icons/assets/css/simple-line-icons.min69c8.css]
[hendon.qodeinteractive.com/wp-includes/css/dist/block-library/style.min69c8.css]
[hendon.qodeinteractive.com/wp-content/plugins/woocommerce/packages/woocommerce-blocks/build/wc-blocks-vendors-style5c45.css]
[hendon.qodeinteractive.com/wp-content/plugins/woocommerce/packages/woocommerce-blocks/build/wc-blocks-style5c45.css]
[hendon.qodeinteractive.com/wp-content/plugins/contact-form-7/includes/css/styles5697.css]
[hendon.qodeinteractive.com/wp-content/plugins/custom-twitter-feeds/css/ctf-styles.min29af.css]
[hendon.qodeinteractive.com/wp-content/plugins/hendon-core/inc/icons/simple-line-icons/assets/fonts/Simple-Line-Iconsb26c.svg]
[hendon.qodeinteractive.com/wp-content/plugins/image-map-pro-wordpress/fonts/fontawesome-webfont3e6e.eot]
[hendon.qodeinteractive.com/wp-content/plugins/image-map-pro-wordpress/fonts/fontawesome-webfontd41d.eot]
[hendon.qodeinteractive.com/wp-content/plugins/image-map-pro-wordpress/fonts/fontawesome-webfont3e6e.woff2]
[hendon.qodeinteractive.com/wp-content/plugins/image-map-pro-wordpress/fonts/fontawesome-webfont3e6e.woff]
[hendon.qodeinteractive.com/wp-content/plugins/image-map-pro-wordpress/fonts/fontawesome-webfont3e6e.ttf]
[hendon.qodeinteractive.com/wp-content/plugins/image-map-pro-wordpress/css/image-map-pro.min9dff.css]
[export.qodethemes.com/_toolbar/assets/css/rbt-modules69c8.css]
[hendon.qodeinteractive.com/wp-content/plugins/woocommerce/assets/css/woocommerce-layout37ad.css]
[hendon.qodeinteractive.com/wp-content/plugins/woocommerce/assets/css/woocommerce-smallscreen37ad.css]
[hendon.qodeinteractive.com/wp-content/plugins/image-map-pro-wordpress/fonts/fontawesome-webfont3e6e.svg]
[hendon.qodeinteractive.com/wp-content/plugins/woocommerce/assets/fonts/star.eot]
[hendon.qodeinteractive.com/wp-content/plugins/woocommerce/assets/fonts/stard41d.eot]
[hendon.qodeinteractive.com/wp-content/plugins/woocommerce/assets/fonts/star.woff]
[hendon.qodeinteractive.com/wp-content/plugins/woocommerce/assets/fonts/star.ttf]
[hendon.qodeinteractive.com/wp-content/plugins/woocommerce/assets/fonts/star.svg]
[hendon.qodeinteractive.com/wp-content/plugins/woocommerce/assets/fonts/WooCommerce.eot]
[hendon.qodeinteractive.com/wp-content/plugins/woocommerce/assets/fonts/WooCommerced41d.eot]
[hendon.qodeinteractive.com/wp-content/plugins/woocommerce/assets/fonts/WooCommerce.woff]
[hendon.qodeinteractive.com/wp-content/plugins/woocommerce/assets/fonts/WooCommerce.ttf]
[hendon.qodeinteractive.com/wp-content/plugins/woocommerce/assets/fonts/WooCommerce.svg]
[hendon.qodeinteractive.com/wp-content/plugins/woocommerce/assets/images/icons/loader.svg]
[hendon.qodeinteractive.com/wp-content/plugins/woocommerce/assets/images/icons/credit-cards/visa.svg]
[hendon.qodeinteractive.com/wp-content/plugins/woocommerce/assets/images/icons/credit-cards/mastercard.svg]
[hendon.qodeinteractive.com/wp-content/plugins/woocommerce/assets/images/icons/credit-cards/laser.svg]
[hendon.qodeinteractive.com/wp-content/plugins/woocommerce/assets/images/icons/credit-cards/diners.svg]
[hendon.qodeinteractive.com/wp-content/plugins/woocommerce/assets/images/icons/credit-cards/maestro.svg]
[hendon.qodeinteractive.com/wp-content/plugins/woocommerce/assets/images/icons/credit-cards/jcb.svg]
[hendon.qodeinteractive.com/wp-content/plugins/woocommerce/assets/images/icons/credit-cards/amex.svg]
[hendon.qodeinteractive.com/wp-content/plugins/woocommerce/assets/css/woocommerce37ad.css]
[hendon.qodeinteractive.com/wp-content/plugins/woocommerce/assets/images/icons/credit-cards/discover.svg]
[hendon.qodeinteractive.com/wp-content/plugins/wp-user-avatar/assets/css/material-icons/MaterialIcons-Regular.eot]
[hendon.qodeinteractive.com/wp-content/plugins/wp-user-avatar/assets/css/material-icons/MaterialIcons-Regular.woff2]
[hendon.qodeinteractive.com/wp-content/plugins/wp-user-avatar/assets/css/material-icons/MaterialIcons-Regular.woff]
[hendon.qodeinteractive.com/wp-content/plugins/wp-user-avatar/assets/css/material-icons/MaterialIcons-Regular.ttf]
[hendon.qodeinteractive.com/wp-content/plugins/wp-user-avatar/assets/images/frontend/arrow-down.png]
[hendon.qodeinteractive.com/wp-content/plugins/wp-user-avatar/assets/images/social-login/google.svg]
[hendon.qodeinteractive.com/wp-content/plugins/wp-user-avatar/assets/images/social-login/vk-fa.svg]
[hendon.qodeinteractive.com/wp-content/plugins/wp-user-avatar/assets/images/social-login/facebook.svg]
[hendon.qodeinteractive.com/wp-content/plugins/wp-user-avatar/assets/images/social-login/twitter.svg]
[hendon.qodeinteractive.com/wp-content/plugins/wp-user-avatar/assets/images/social-login/linkedin.svg]
[hendon.qodeinteractive.com/wp-content/plugins/wp-user-avatar/assets/css/frontend.min2072.css]
[hendon.qodeinteractive.com/wp-content/plugins/wp-user-avatar/assets/flatpickr/flatpickr.min2072.css]
[hendon.qodeinteractive.com/wp-content/plugins/wp-user-avatar/assets/select2/select2.min69c8.css]
[hendon.qodeinteractive.com/wp-content/plugins/qi-addons-for-elementor/assets/plugins/swiper/swiper.min69c8.css]
[hendon.qodeinteractive.com/wp-content/plugins/qi-addons-for-elementor/assets/css/grid.min69c8.css]
[hendon.qodeinteractive.com/wp-content/plugins/qi-addons-for-elementor/assets/css/helper-parts.min69c8.css]
[hendon.qodeinteractive.com/wp-content/plugins/qi-addons-for-elementor/assets/css/main.min69c8.css]
[hendon.qodeinteractive.com/wp-content/plugins/woocommerce/assets/css/select237ad.css]
[hendon.qodeinteractive.com/wp-content/plugins/hendon-core/inc/core-dashboard/assets/css/core-dashboard.min69c8.css]
[hendon.qodeinteractive.com/wp-content/plugins/hendon-core/assets/plugins/perfect-scrollbar/perfect-scrollbar69c8.css]
[hendon.qodeinteractive.com/wp-content/plugins/wp-user-avatar/assets/images/social-login/github-fa.svg]
[hendon.qodeinteractive.com/wp-content/themes/hendon/assets/img/select-arrow.svg]
[hendon.qodeinteractive.com/wp-content/themes/hendon/assets/img/close-icon.svg]
[hendon.qodeinteractive.com/wp-content/themes/hendon/assets/img/pattern.png]
[hendon.qodeinteractive.com/wp-content/themes/hendon/assets/css/main.min69c8.css]
[hendon.qodeinteractive.com/wp-content/themes/hendon/assets/img/pattern4.png]
[hendon.qodeinteractive.com/wp-content/themes/hendon/assets/img/pattern-dark.png]
[hendon.qodeinteractive.com/wp-content/themes/hendon/assets/img/pattern3.png]
[hendon.qodeinteractive.com/wp-content/plugins/hendon-core/assets/css/hendon-core.min69c8.css]
[hendon.qodeinteractive.com/wp-content/themes/hendon/assets/plugins/magnific-popup/magnific-popup69c8.css]
[hendon.qodeinteractive.com/wp-content/themes/hendon/style69c8.css]
[hendon.qodeinteractive.com/wp-content/plugins/hendon-core/inc/plugins/elementor/assets/css/elementor.min69c8.css]
[hendon.qodeinteractive.com/wp-content/plugins/elementor/assets/lib/eicons/fonts/eiconsc387.eot]
[hendon.qodeinteractive.com/wp-content/plugins/elementor/assets/lib/eicons/fonts/eiconsc387.woff2]
[hendon.qodeinteractive.com/wp-content/plugins/elementor/assets/lib/eicons/fonts/eiconsc387.woff]
[hendon.qodeinteractive.com/wp-content/plugins/elementor/assets/lib/eicons/fonts/eiconsc387.ttf]
[hendon.qodeinteractive.com/wp-content/plugins/elementor/assets/lib/eicons/css/elementor-icons.min05c8.css]
[hendon.qodeinteractive.com/wp-content/plugins/elementor/assets/css/frontend-legacy.min49eb.css]
[hendon.qodeinteractive.com/wp-content/plugins/elementor/assets/css/frontend.min49eb.css]
[hendon.qodeinteractive.com/wp-content/uploads/elementor/css/post-10c3c1.css]
[hendon.qodeinteractive.com/wp-content/plugins/elementor/assets/lib/eicons/fonts/eiconsc387.svg]
[hendon.qodeinteractive.com/wp-content/uploads/2020/04/home-1-background-patern-1.jpg]
[hendon.qodeinteractive.com/wp-content/uploads/2020/05/home-1-video-buton-img.jpg]
[hendon.qodeinteractive.com/wp-content/uploads/2020/05/home-1-background-patern-2.jpg]
[hendon.qodeinteractive.com/wp-content/uploads/2020/05/home-1-background-patern-3.png]
[hendon.qodeinteractive.com/wp-content/uploads/2020/04/counter-background.jpg]
[hendon.qodeinteractive.com/wp-content/uploads/2020/04/noise-background.jpg]
[hendon.qodeinteractive.com/wp-content/uploads/elementor/css/post-395c3c1.css]
[hendon.qodeinteractive.com/wp-content/plugins/qode-zendesk-chat/assets/main69c8.css]
[hendon.qodeinteractive.com/xmlrpc0db0.html]
[hendon.qodeinteractive.com/wp-content/uploads/elementor/css/post-1239f81e.css]
[hendon.qodeinteractive.com/wp-json/wp/v2/pages/1239.json]
[hendon.qodeinteractive.com/wp-json/oembed/1.0/embed9540.json]
[hendon.qodeinteractive.com/wp-json/oembed/1.0/embedecb5]
[hendon.qodeinteractive.com/wp-content/uploads/2020/05/home-3-rev-map-background.jpg]
[hendon.qodeinteractive.com/cdn-cgi/l/email-protection.html]
[hendon.qodeinteractive.com/contact-us/index.html]
[hendon.qodeinteractive.com/cdn-cgi/scripts/5c5dd728/cloudflare-static/email-decode.min.js]
[hendon.qodeinteractive.com/wp-content/uploads/elementor/css/post-6512e58.css]
[hendon.qodeinteractive.com/wp-json/wp/v2/pages/651.json]
[hendon.qodeinteractive.com/wp-json/oembed/1.0/embedb14e.json]
[hendon.qodeinteractive.com/wp-json/oembed/1.0/embed974e]
[hendon.qodeinteractive.com/wp-content/uploads/2020/05/h2-slide-background-1.jpg]
[hendon.qodeinteractive.com/wp-content/uploads/2020/05/h2-gallery-slider-img-2.jpg]
[hendon.qodeinteractive.com/wp-content/uploads/2020/05/h2-gallery-slider-img-1.jpg]
[hendon.qodeinteractive.com/wp-content/uploads/2020/06/h2-gallery-slider-img-3.jpg]
[hendon.qodeinteractive.com/floor-showcase/index.html]
[hendon.qodeinteractive.com/wp-content/uploads/2020/06/h2-gallery-slider-img-4.jpg]
[hendon.qodeinteractive.com/apartment-slider/index.html]
[hendon.qodeinteractive.com/wp-content/uploads/2020/05/h2-prop-slider-1.jpg]
[hendon.qodeinteractive.com/wp-content/uploads/2020/05/h2-prop-slider-2.jpg]
[hendon.qodeinteractive.com/property-item/villa-1/index.html]
[hendon.qodeinteractive.com/wp-content/uploads/2020/06/h2-prop-slider-3.jpg]
[hendon.qodeinteractive.com/property-item/villa-2/index.html]
[hendon.qodeinteractive.com/wp-content/uploads/2020/06/h2-prop-slider-4.jpg]
[hendon.qodeinteractive.com/wp-content/uploads/2020/05/clients-img-4.png]
[hendon.qodeinteractive.com/property-item/villa-3/index.html]
[hendon.qodeinteractive.com/wp-content/uploads/2020/05/clients-img-4-hover.png]
[hendon.qodeinteractive.com/property-item/villa-4/index.html]
[hendon.qodeinteractive.com/wp-content/uploads/2020/05/clients-img-2.png]
[hendon.qodeinteractive.com/wp-content/uploads/2020/05/clients-img-2-hover.png]
[hendon.qodeinteractive.com/wp-content/uploads/2020/05/clients-img-3.png]
[hendon.qodeinteractive.com/wp-content/uploads/2020/05/clients-img-3-hover.png]
[hendon.qodeinteractive.com/wp-content/uploads/2020/05/clients-img-1.png]
[hendon.qodeinteractive.com/wp-content/uploads/2020/05/clients-img-1-hover.png]
[hendon.qodeinteractive.com/wp-content/uploads/2020/05/clients-img-5.png]
[hendon.qodeinteractive.com/wp-content/uploads/2020/05/clients-img-5-hover.png]
[hendon.qodeinteractive.com/wp-content/uploads/2020/05/clients-img-6.png]
[hendon.qodeinteractive.com/wp-content/uploads/2020/05/clients-img-6-hover.png]
[hendon.qodeinteractive.com/wp-content/uploads/2020/05/clients-img-7.png]
[hendon.qodeinteractive.com/wp-content/uploads/2020/05/clients-img-7-hover.png]
[hendon.qodeinteractive.com/kensington/index.html]
[hendon.qodeinteractive.com/wp-includes/js/jquery/ui/accordion.min35d0.js]
[hendon.qodeinteractive.com/wp-content/uploads/elementor/css/post-8990ca8.css]
[hendon.qodeinteractive.com/wp-json/wp/v2/pages/899.json]
[hendon.qodeinteractive.com/wp-json/oembed/1.0/embedc879.json]
[hendon.qodeinteractive.com/wp-json/oembed/1.0/embed0006]
[hendon.qodeinteractive.com/wp-content/uploads/2020/05/home-3-client-1.png]
[hendon.qodeinteractive.com/wp-content/uploads/2020/05/home-3-client-1-hover.png]
[hendon.qodeinteractive.com/wp-content/uploads/2020/05/home-3-client-2.png]
[hendon.qodeinteractive.com/wp-content/uploads/2020/05/home-3-client-2-hover.png]
[hendon.qodeinteractive.com/wp-content/uploads/2020/05/home-3-client-3.png]
[hendon.qodeinteractive.com/wp-content/uploads/2020/05/home-3-client-3-hover.png]
[hendon.qodeinteractive.com/wp-content/uploads/2020/05/home-3-client-4.png]
[hendon.qodeinteractive.com/wp-content/uploads/2020/05/home-3-client-4-hover.png]
[hendon.qodeinteractive.com/wp-content/uploads/2020/05/home-3-client-5.png]
[hendon.qodeinteractive.com/wp-content/uploads/2020/05/home-3-client-5-hover.png]
[hendon.qodeinteractive.com/wp-content/uploads/2020/05/home-3-client-6.png]
[hendon.qodeinteractive.com/wp-content/uploads/2020/05/home-3-client-6-hover.png]
[hendon.qodeinteractive.com/wp-content/uploads/2020/05/apart-list-1.jpg]
[hendon.qodeinteractive.com/wp-content/uploads/2020/05/apart-list-2.jpg]
[hendon.qodeinteractive.com/apartment-item/business-space/index.html]
[hendon.qodeinteractive.com/wp-content/uploads/2020/05/apart-list-3.jpg]
[hendon.qodeinteractive.com/apartment-item/apartments/index.html]
[hendon.qodeinteractive.com/apartment-item/houses/index.html]
[hendon.qodeinteractive.com/chelsea/index.html]
[hendon.qodeinteractive.com/wp-content/uploads/elementor/css/post-8829a1e.css]
[hendon.qodeinteractive.com/wp-json/wp/v2/pages/882.json]
[hendon.qodeinteractive.com/wp-json/oembed/1.0/embed82d3.json]
[hendon.qodeinteractive.com/wp-json/oembed/1.0/embedc232]
[hendon.qodeinteractive.com/wp-content/uploads/2020/05/h4-prop-list-img-1.jpg]
[hendon.qodeinteractive.com/wp-content/uploads/2020/05/h4-prop-list-img-2.jpg]
[hendon.qodeinteractive.com/wp-content/uploads/2020/05/h4-prop-list-img-3.jpg]
[hendon.qodeinteractive.com/property-category/apartments/index.html]
[hendon.qodeinteractive.com/property-item/san/index.html]
[hendon.qodeinteractive.com/property-item/mar/index.html]
[hendon.qodeinteractive.com/wp-content/uploads/2020/05/h4-video-background.jpg]
[hendon.qodeinteractive.com/wp-content/uploads/2020/05/h4-img-1.jpg]
[hendon.qodeinteractive.com/greenwich/index.html]
[hendon.qodeinteractive.com/property-item/ino/index.html]
[hendon.qodeinteractive.com/apartment-item/modern-home/index.html]
[hendon.qodeinteractive.com/wp-content/uploads/elementor/css/post-10115370.css]
[hendon.qodeinteractive.com/apartment-item/5-rooms-apartments/index.html]
[hendon.qodeinteractive.com/wp-json/wp/v2/pages/1011.json]
[hendon.qodeinteractive.com/wp-json/oembed/1.0/embed21ca.json]
[hendon.qodeinteractive.com/wp-json/oembed/1.0/embed162f]
[hendon.qodeinteractive.com/wp-content/uploads/2020/05/home-5-img-1.jpg]
[hendon.qodeinteractive.com/wp-content/uploads/2020/05/home-5-img-2.jpg]
[hendon.qodeinteractive.com/fulham/index.html]
[hendon.qodeinteractive.com/wp-json/wp/v2/pages/1144.json]
[hendon.qodeinteractive.com/wp-json/oembed/1.0/embedc658.json]
[hendon.qodeinteractive.com/wp-json/oembed/1.0/embed9761]
[hendon.qodeinteractive.com/wp-content/uploads/2020/05/home-6-img-1.jpg]
[hendon.qodeinteractive.com/wp-content/uploads/2020/05/home-6-img-2.jpg]
[hendon.qodeinteractive.com/wp-content/uploads/2020/05/home-6-img-3.jpg]
[hendon.qodeinteractive.com/wp-content/uploads/2020/05/home-6-img-4.jpg]
[hendon.qodeinteractive.com/wp-content/uploads/2020/05/home-6-img-5.jpg]
[hendon.qodeinteractive.com/lambeth/index.html]
[hendon.qodeinteractive.com/wp-content/uploads/elementor/css/post-31956ba.css]
[hendon.qodeinteractive.com/wp-json/wp/v2/pages/319.json]
[hendon.qodeinteractive.com/wp-json/oembed/1.0/embedd5c8.json]
[hendon.qodeinteractive.com/wp-json/oembed/1.0/embeda52b]
[hendon.qodeinteractive.com/wp-content/uploads/2020/04/apart-list-img-1.jpg]
[hendon.qodeinteractive.com/wp-content/uploads/2020/04/floor-icon-1.png]
[hendon.qodeinteractive.com/wp-content/uploads/2020/04/floor-icon-3.png]
[hendon.qodeinteractive.com/wp-content/uploads/2020/04/floor-icon-2.png]
[hendon.qodeinteractive.com/wp-content/uploads/2020/04/apart-list-img-2.jpg]
[hendon.qodeinteractive.com/wp-content/uploads/2020/04/apart-feature-3.jpg]
[hendon.qodeinteractive.com/wp-content/uploads/2020/05/apart-list-img-4.png]
[hendon.qodeinteractive.com/apartment-item/3-rooms-apartments/index.html]
[hendon.qodeinteractive.com/apartment-item/4-rooms-apartments/index.html]
[hendon.qodeinteractive.com/wp-content/uploads/2020/05/apart-list-img-5.png]
[hendon.qodeinteractive.com/apartment-item/5-rooms-apartments-3/index.html]
[hendon.qodeinteractive.com/wp-content/uploads/2020/05/apart-list-img-6.png]
[hendon.qodeinteractive.com/apartment-item/4-rooms-apartments-2/index.html]
[hendon.qodeinteractive.com/apartment-item/3-rooms-apartments-2/index.html]
[hendon.qodeinteractive.com/apartment-item/3-rooms-apartments-4/index.html]
[hendon.qodeinteractive.com/apartment-item/5-rooms-apartments-2/index.html]
[hendon.qodeinteractive.com/southwark/index.html]
[hendon.qodeinteractive.com/apartment-item/4-rooms-apartments-3/index.html]
[hendon.qodeinteractive.com/wp-content/uploads/2020/05/about-title-img-1.jpg]
[hendon.qodeinteractive.com/wp-content/uploads/elementor/css/post-117295bc.css]
[hendon.qodeinteractive.com/wp-json/wp/v2/pages/1172.json]
[hendon.qodeinteractive.com/wp-json/oembed/1.0/embed1f77.json]
[hendon.qodeinteractive.com/wp-json/oembed/1.0/embedfe74]
[hendon.qodeinteractive.com/wp-content/uploads/2020/05/team-img-1.jpg]
[hendon.qodeinteractive.com/wp-content/uploads/2020/05/team-img-2.jpg]
[hendon.qodeinteractive.com/wp-content/uploads/2020/05/team-img-3.jpg]
[hendon.qodeinteractive.com/about-us/index.html]
[hendon.qodeinteractive.com/wp-content/uploads/2020/05/services-title-img.jpg]
[hendon.qodeinteractive.com/wp-content/uploads/elementor/css/post-12975370.css]
[hendon.qodeinteractive.com/wp-json/wp/v2/pages/1297.json]
[hendon.qodeinteractive.com/wp-json/oembed/1.0/embede15a.json]
[hendon.qodeinteractive.com/wp-json/oembed/1.0/embedf8fb]
[hendon.qodeinteractive.com/wp-content/uploads/2020/06/services-icon-img-1.png]
[hendon.qodeinteractive.com/wp-content/uploads/2020/06/services-icon-img-2.png]
[hendon.qodeinteractive.com/wp-content/uploads/2020/06/services-icon-img-3.png]
[hendon.qodeinteractive.com/wp-content/uploads/2020/06/services-icon-img-4.png]
[hendon.qodeinteractive.com/wp-content/uploads/2020/06/services-icon-img-5.png]
[hendon.qodeinteractive.com/wp-content/uploads/2020/06/services-icon-img-6.png]
[hendon.qodeinteractive.com/services/index.html]
[hendon.qodeinteractive.com/wp-content/uploads/2020/05/contact-title-img.jpg]
[hendon.qodeinteractive.com/wp-content/uploads/elementor/css/post-1266238a.css]
[hendon.qodeinteractive.com/wp-json/wp/v2/pages/1266.json]
[hendon.qodeinteractive.com/wp-json/oembed/1.0/embed5eab.json]
[hendon.qodeinteractive.com/wp-json/oembed/1.0/embeded7a]
[hendon.qodeinteractive.com/get-in-touch/index.html]
[hendon.qodeinteractive.com/wp-content/uploads/2020/05/faq-title-img.jpg]
[hendon.qodeinteractive.com/wp-content/uploads/elementor/css/post-129989dc.css]
[hendon.qodeinteractive.com/wp-json/wp/v2/pages/1299.json]
[hendon.qodeinteractive.com/wp-json/oembed/1.0/embed1e8d.json]
[hendon.qodeinteractive.com/wp-json/oembed/1.0/embed27f3]
[hendon.qodeinteractive.com/wp-content/uploads/2020/05/sidebar-img.jpg]
[hendon.qodeinteractive.com/category/house/index.html]
[hendon.qodeinteractive.com/category/architecture/index.html]
[hendon.qodeinteractive.com/category/property/index.html]
[hendon.qodeinteractive.com/faq/index.html]
[hendon.qodeinteractive.com/category/real-estate/index.html]
[hendon.qodeinteractive.com/wp-content/uploads/elementor/css/post-122555b5.css]
[hendon.qodeinteractive.com/category/residence/index.html]
[hendon.qodeinteractive.com/wp-json/wp/v2/pages/1225.json]
[hendon.qodeinteractive.com/wp-json/oembed/1.0/embedde3d.json]
[hendon.qodeinteractive.com/wp-json/oembed/1.0/embed206d]
[hendon.qodeinteractive.com/coming-soon/index.html]
[hendon.qodeinteractive.com/404.html]
[hendon.qodeinteractive.com/wp-content/plugins/hendon-core/inc/shortcodes/countdown/assets/js/plugins/jquery.countdown.min68b3.js]
[hendon.qodeinteractive.com/wp-content/uploads/elementor/css/post-2089b7f1.css]
[hendon.qodeinteractive.com/wp-json/wp/v2/pages/2089.json]
[hendon.qodeinteractive.com/wp-json/oembed/1.0/embedca87.json]
[hendon.qodeinteractive.com/wp-json/oembed/1.0/embed10ab]
[hendon.qodeinteractive.com/info-adjacent/index.html]
[hendon.qodeinteractive.com/wp-content/uploads/elementor/css/post-2124056b.css]
[hendon.qodeinteractive.com/wp-json/wp/v2/pages/2124.json]
[hendon.qodeinteractive.com/wp-json/oembed/1.0/embedadf6.json]
[hendon.qodeinteractive.com/wp-json/oembed/1.0/embed2ec2]
[hendon.qodeinteractive.com/property-slider/index.html]
[hendon.qodeinteractive.com/wp-content/uploads/elementor/css/post-192bedf.css]
[hendon.qodeinteractive.com/property-item/project-complex/feed/index.html]
[hendon.qodeinteractive.com/wp-json/oembed/1.0/embeda640.json]
[hendon.qodeinteractive.com/wp-json/oembed/1.0/embed9db2]
[hendon.qodeinteractive.com/wp-content/uploads/2020/05/prop-tab-img-1.jpg]
[hendon.qodeinteractive.com/wp-content/uploads/2020/05/prop-tab-img-2.jpg]
[hendon.qodeinteractive.com/wp-content/uploads/2020/05/prop-tab-img-3.jpg]
[hendon.qodeinteractive.com/wp-content/uploads/2020/05/prop-tab-img-4.jpg]
[hendon.qodeinteractive.com/wp-content/uploads/2020/04/video-background.jpg]
[hendon.qodeinteractive.com/wp-content/uploads/2020/04/modern-house-interior.mp4]
[hendon.qodeinteractive.com/wp-content/uploads/2020/06/icon-img-7.png]
[hendon.qodeinteractive.com/wp-content/uploads/2020/06/icon-img-8.png]
[hendon.qodeinteractive.com/wp-content/uploads/elementor/css/post-6945afe.css]
[hendon.qodeinteractive.com/wp-content/uploads/elementor/css/post-701b6b7.css]
[hendon.qodeinteractive.com/wp-content/uploads/elementor/css/post-705b6b7.css]
[hendon.qodeinteractive.com/wp-content/uploads/elementor/css/post-709b6b7.css]
[hendon.qodeinteractive.com/wp-content/plugins/anti-spam/assets/js/anti-spamdc24.js]
[hendon.qodeinteractive.com/property-item/project-complex/index.html]
[hendon.qodeinteractive.com/wp-includes/js/comment-reply.min69c8.js]
[hendon.qodeinteractive.com/wp-content/uploads/elementor/css/post-213327a3.css]
[hendon.qodeinteractive.com/wp-json/wp/v2/pages/2133.json]
[hendon.qodeinteractive.com/wp-json/oembed/1.0/embed97a4.json]
[hendon.qodeinteractive.com/wp-json/oembed/1.0/embedb369]
[hendon.qodeinteractive.com/info-bellow/index.html]
[hendon.qodeinteractive.com/wp-content/uploads/elementor/css/post-211227a3.css]
[hendon.qodeinteractive.com/wp-json/wp/v2/pages/2112.json]
[hendon.qodeinteractive.com/wp-json/oembed/1.0/embed9179.json]
[hendon.qodeinteractive.com/wp-json/oembed/1.0/embed569d]
[hendon.qodeinteractive.com/feature-bellow/index.html]
[hendon.qodeinteractive.com/wp-content/uploads/elementor/css/post-24ceeb.css]
[hendon.qodeinteractive.com/apartment-item/lux-apartment/feed/index.html]
[hendon.qodeinteractive.com/wp-json/oembed/1.0/embed09a9.json]
[hendon.qodeinteractive.com/wp-json/oembed/1.0/embed9854]
[hendon.qodeinteractive.com/wp-content/uploads/2020/04/floor-plan.pdf]
[hendon.qodeinteractive.com/wp-content/uploads/2020/04/image-map-1.jpg]
[hendon.qodeinteractive.com/wp-content/uploads/2020/04/image-map-2.jpg]
[hendon.qodeinteractive.com/wp-content/uploads/2020/04/image-map-3.jpg]
[hendon.qodeinteractive.com/wp-content/uploads/2020/04/image-map-4.jpg]
[hendon.qodeinteractive.com/wp-content/uploads/2020/04/image-map-5.jpg]
[hendon.qodeinteractive.com/wp-content/uploads/2020/04/image-map-6.jpg]
[hendon.qodeinteractive.com/wp-content/uploads/2020/04/image-map-7.jpg]
[hendon.qodeinteractive.com/wp-content/uploads/2020/04/apart-img-3.jpg]
[hendon.qodeinteractive.com/apartment-item/lux-apartment/index.html]
[hendon.qodeinteractive.com/wp-json/wp/v2/pages/313.json]
[hendon.qodeinteractive.com/wp-json/oembed/1.0/embed7fbd.json]
[hendon.qodeinteractive.com/wp-json/oembed/1.0/embed7c6e]
[hendon.qodeinteractive.com/wp-content/uploads/2020/04/blog-featured-img-1.jpg]
[hendon.qodeinteractive.com/wp-content/uploads/2020/04/blog-featured-img-2.jpg]
[hendon.qodeinteractive.com/wp-content/uploads/2020/04/Fingers-In-The-Noise-Elixir230a.mp3]
[hendon.qodeinteractive.com/author/ivet_berges/index.html]
[hendon.qodeinteractive.com/wp-content/uploads/2020/04/Fingers-In-The-Noise-Elixir.mp3]
[hendon.qodeinteractive.com/wp-content/uploads/2020/04/blog-featured-img-3.jpg]
[hendon.qodeinteractive.com/wp-content/uploads/2020/05/home-1-blog-list-img-1-650x650.jpg]
[hendon.qodeinteractive.com/wp-content/uploads/2020/04/blog-featured-img-1-650x650.jpg]
[hendon.qodeinteractive.com/wp-content/uploads/2020/04/blog-featured-img-2-650x650.jpg]
[hendon.qodeinteractive.com/tag/architecture/index.html]
[hendon.qodeinteractive.com/tag/house/index.html]
[hendon.qodeinteractive.com/tag/residence/index.html]
[hendon.qodeinteractive.com/tag/property/index.html]
[hendon.qodeinteractive.com/wp-includes/js/mediaelement/mediaelementplayer-legacy.min08e1.css]
[hendon.qodeinteractive.com/blog-right-sidebar/index.html]
[hendon.qodeinteractive.com/wp-includes/js/mediaelement/wp-mediaelement.min69c8.css]
[hendon.qodeinteractive.com/wp-json/wp/v2/pages/387.json]
[hendon.qodeinteractive.com/wp-json/oembed/1.0/embed4148.json]
[hendon.qodeinteractive.com/wp-json/oembed/1.0/embed46bc]
[hendon.qodeinteractive.com/blog-left-sidebar/index.html]
[hendon.qodeinteractive.com/wp-json/wp/v2/pages/390.json]
[hendon.qodeinteractive.com/wp-json/oembed/1.0/embed0cf9.json]
[hendon.qodeinteractive.com/wp-json/oembed/1.0/embede10d]
[hendon.qodeinteractive.com/blog-no-sidebar/index.html]
[hendon.qodeinteractive.com/xmlrpc.php]
[hendon.qodeinteractive.com/wp-content/uploads/elementor/css/post-449273.css]
[hendon.qodeinteractive.com/bathroom-oasis/feed/index.html]
[hendon.qodeinteractive.com/wp-json/wp/v2/posts/44.json]
[hendon.qodeinteractive.com/wp-json/oembed/1.0/embedd571.json]
[hendon.qodeinteractive.com/wp-json/oembed/1.0/embed68d1]
[hendon.qodeinteractive.com/wp-content/uploads/2020/04/blog-featured-img-2-150x150.jpg]
[hendon.qodeinteractive.com/wp-content/uploads/2020/05/home-1-blog-list-img-1-150x150.jpg]
[hendon.qodeinteractive.com/wp-content/uploads/2020/04/author-img-1-150x150.jpg]
[hendon.qodeinteractive.com/wp-content/uploads/2020/04/subscriber-img-1-100x100.jpg]
[hendon.qodeinteractive.com/wp-content/uploads/2020/04/subscriber-img-2-100x100.jpg]
[hendon.qodeinteractive.com/bathroom-oasis/index0e22.html]
[hendon.qodeinteractive.com/bathroom-oasis/index3094.html]
[hendon.qodeinteractive.com/bathroom-oasis/index.html]
[hendon.qodeinteractive.com/wp-content/uploads/elementor/css/post-29552e5.css]
[hendon.qodeinteractive.com/clever-remodel/feed/index.html]
[hendon.qodeinteractive.com/wp-json/wp/v2/posts/295.json]
[hendon.qodeinteractive.com/wp-json/oembed/1.0/embed787a.json]
[hendon.qodeinteractive.com/wp-json/oembed/1.0/embedd9b4]
[hendon.qodeinteractive.com/wp-content/uploads/2020/04/blog-featured-img-4.jpg]
[hendon.qodeinteractive.com/wp-content/uploads/2020/04/blog-featured-img-1-150x150.jpg]
[hendon.qodeinteractive.com/wp-content/uploads/2020/04/blog-featured-img-3-150x150.jpg]
[hendon.qodeinteractive.com/clever-remodel/index267f.html]
[hendon.qodeinteractive.com/clever-remodel/index41b7.html]
[hendon.qodeinteractive.com/clever-remodel/index.html]
[hendon.qodeinteractive.com/wp-content/uploads/elementor/css/post-3089273.css]
[hendon.qodeinteractive.com/wp-json/wp/v2/posts/308.json]
[hendon.qodeinteractive.com/homes-to-inspire/feed/index.html]
[hendon.qodeinteractive.com/wp-json/oembed/1.0/embedb46d.json]
[hendon.qodeinteractive.com/wp-json/oembed/1.0/embedcaa5]
[hendon.qodeinteractive.com/homes-to-inspire/index360b.html]
[hendon.qodeinteractive.com/homes-to-inspire/index8528.html]
[hendon.qodeinteractive.com/homes-to-inspire/index.html]
[hendon.qodeinteractive.com/wp-content/uploads/elementor/css/post-3039273.css]
[hendon.qodeinteractive.com/pure-white-stylish/feed/index.html]
[hendon.qodeinteractive.com/wp-json/wp/v2/posts/303.json]
[hendon.qodeinteractive.com/wp-json/oembed/1.0/embedb419.json]
[hendon.qodeinteractive.com/wp-json/oembed/1.0/embed94c6]
[hendon.qodeinteractive.com/pure-white-stylish/indexa858.html]
[hendon.qodeinteractive.com/pure-white-stylish/index6944.html]
[hendon.qodeinteractive.com/pure-white-stylish/index.html]
[hendon.qodeinteractive.com/wp-content/uploads/elementor/css/post-3059273.css]
[hendon.qodeinteractive.com/wp-json/wp/v2/posts/305.json]
[hendon.qodeinteractive.com/warm-interior/feed/index.html]
[hendon.qodeinteractive.com/wp-json/oembed/1.0/embedadb1.json]
[hendon.qodeinteractive.com/wp-json/oembed/1.0/embed7fe5]
[hendon.qodeinteractive.com/warm-interior/indexfa40.html]
[hendon.qodeinteractive.com/warm-interior/index.html]
[hendon.qodeinteractive.com/wp-content/uploads/elementor/css/post-29352e5.css]
[hendon.qodeinteractive.com/warm-interior/index04d3.html]
[hendon.qodeinteractive.com/wp-json/wp/v2/posts/293.json]
[hendon.qodeinteractive.com/visualize-project/feed/index.html]
[hendon.qodeinteractive.com/wp-json/oembed/1.0/embeda1fa.json]
[hendon.qodeinteractive.com/wp-json/oembed/1.0/embed9c9a]
[hendon.qodeinteractive.com/wp-content/uploads/2020/05/home-1-blog-list-img-2-150x150.jpg]
[hendon.qodeinteractive.com/visualize-project/index8e42.html]
[hendon.qodeinteractive.com/visualize-project/index21b4.html]
[hendon.qodeinteractive.com/visualize-project/index.html]
[hendon.qodeinteractive.com/wp-content/uploads/elementor/css/post-30152e5.css]
[hendon.qodeinteractive.com/wp-json/wp/v2/posts/301.json]
[hendon.qodeinteractive.com/ultimate-design/feed/index.html]
[hendon.qodeinteractive.com/wp-json/oembed/1.0/embed2640.json]
[hendon.qodeinteractive.com/wp-json/oembed/1.0/embedb88a]
[hendon.qodeinteractive.com/ultimate-design/indexfc06.html]
[hendon.qodeinteractive.com/ultimate-design/index94a5.html]
[hendon.qodeinteractive.com/ultimate-design/index.html]
[hendon.qodeinteractive.com/wp-content/uploads/elementor/css/post-138132f1.css]
[hendon.qodeinteractive.com/wp-json/wp/v2/pages/1381.json]
[hendon.qodeinteractive.com/wp-json/oembed/1.0/embed2263.json]
[hendon.qodeinteractive.com/wp-json/oembed/1.0/embed2a0f]
[hendon.qodeinteractive.com/wp-content/uploads/2020/06/hendon-img-1.jpg]
[hendon.qodeinteractive.com/wp-content/uploads/2020/06/hendon-img-2.jpg]
[hendon.qodeinteractive.com/wp-content/uploads/2020/06/hendon-img-3.jpg]
[hendon.qodeinteractive.com/wp-content/uploads/2020/07/hendon-img-5.jpg]
[hendon.qodeinteractive.com/wp-content/uploads/2020/07/hendon-img-4.jpg]
[hendon.qodeinteractive.com/wp-content/uploads/2020/07/hendon-img-6.jpg]
[hendon.qodeinteractive.com/wp-content/uploads/2020/06/hendon-img-8-1.jpg]
[hendon.qodeinteractive.com/wp-content/uploads/2020/06/hendon-img-7.jpg]
[hendon.qodeinteractive.com/wp-content/uploads/2020/05/land-icon-img-1.png]
[hendon.qodeinteractive.com/wp-content/uploads/2020/05/land-icon-img-2.png]
[hendon.qodeinteractive.com/wp-content/uploads/2020/05/land-icon-img-4.png]
[hendon.qodeinteractive.com/wp-content/uploads/2020/06/prop-icon-7.png]
[hendon.qodeinteractive.com/wp-content/uploads/2020/06/prop-icon-8.png]
[hendon.qodeinteractive.com/wp-content/uploads/2020/06/land-cards-img-3.jpg]
[hendon.qodeinteractive.com/wp-content/uploads/2020/05/land-cards-img-1.jpg]
[hendon.qodeinteractive.com/wp-content/uploads/2020/06/land-cards-img-2.jpg]
[hendon.qodeinteractive.com/wp-content/uploads/2020/06/land-cards-img-4.jpg]
[hendon.qodeinteractive.com/wp-content/uploads/2020/06/land-cards-img-5.jpg]
[hendon.qodeinteractive.com/wp-content/uploads/2020/06/land-cards-img-7.jpg]
[hendon.qodeinteractive.com/wp-content/uploads/2020/06/land-cards-img-8.jpg]
[hendon.qodeinteractive.com/wp-content/uploads/2020/06/land-cards-img-9.jpg]
[hendon.qodeinteractive.com/wp-content/uploads/2020/06/land-cards-img-10.jpg]
[hendon.qodeinteractive.com/landing/https_/hendon.qodeinteractive.com/wp-content/uploads/2020/06/land-marquee.png]
[hendon.qodeinteractive.com/landing/index.html]
[hendon.qodeinteractive.com/wp-content/uploads/elementor/css/post-200731df.css]
[hendon.qodeinteractive.com/apartment-item/west-complex/feed/index.html]
[hendon.qodeinteractive.com/wp-json/oembed/1.0/embed091f.json]
[hendon.qodeinteractive.com/wp-json/oembed/1.0/embed5031]
[hendon.qodeinteractive.com/apartment-item/west-complex/index.html]
[hendon.qodeinteractive.com/wp-content/uploads/elementor/css/post-20146fed.css]
[hendon.qodeinteractive.com/apartment-item/apartment-block/feed/index.html]
[hendon.qodeinteractive.com/wp-json/oembed/1.0/embed5c79.json]
[hendon.qodeinteractive.com/wp-json/oembed/1.0/embed5399]
[hendon.qodeinteractive.com/apartment-item/apartment-block/index.html]
[hendon.qodeinteractive.com/wp-content/uploads/elementor/css/post-202221d6.css]
[hendon.qodeinteractive.com/apartment-item/east-complex/feed/index.html]
[hendon.qodeinteractive.com/wp-json/oembed/1.0/embed1302.json]
[hendon.qodeinteractive.com/wp-json/oembed/1.0/embed1189]
[hendon.qodeinteractive.com/apartment-item/east-complex/index.html]
[hendon.qodeinteractive.com/wp-content/uploads/elementor/css/post-20243130.css]
[hendon.qodeinteractive.com/wp-json/oembed/1.0/embedfa6a.json]
[hendon.qodeinteractive.com/apartment-item/modern-studio/feed/index.html]
[hendon.qodeinteractive.com/wp-json/oembed/1.0/embedc864]
[hendon.qodeinteractive.com/apartment-item/modern-studio/index.html]
[hendon.qodeinteractive.com/wp-content/uploads/elementor/css/post-20265e68.css]
[hendon.qodeinteractive.com/apartment-item/south-complex/feed/index.html]
[hendon.qodeinteractive.com/wp-json/oembed/1.0/embedb36a.json]
[hendon.qodeinteractive.com/wp-json/oembed/1.0/embedbd17]
[hendon.qodeinteractive.com/apartment-item/south-complex/index.html]
[hendon.qodeinteractive.com/wp-content/uploads/elementor/css/post-2031cd2d.css]
[hendon.qodeinteractive.com/apartment-item/modern-suite/feed/index.html]
[hendon.qodeinteractive.com/wp-json/oembed/1.0/embed2c69.json]
[hendon.qodeinteractive.com/wp-json/oembed/1.0/embed1918]
[hendon.qodeinteractive.com/apartment-item/modern-suite/index.html]
[hendon.qodeinteractive.com/wp-content/uploads/elementor/css/post-5334bd2.css]
[hendon.qodeinteractive.com/apartment-item/apartment/feed/index.html]
[hendon.qodeinteractive.com/wp-json/oembed/1.0/embed9c3b.json]
[hendon.qodeinteractive.com/wp-json/oembed/1.0/embed1d33]
[hendon.qodeinteractive.com/apartment-item/apartment/index.html]
[hendon.qodeinteractive.com/wp-content/uploads/elementor/css/post-530bbad.css]
[hendon.qodeinteractive.com/apartment-item/simplex/feed/index.html]
[hendon.qodeinteractive.com/wp-json/oembed/1.0/embed2735.json]
[hendon.qodeinteractive.com/wp-json/oembed/1.0/embed9887]
[hendon.qodeinteractive.com/apartment-item/simplex/index.html]
[hendon.qodeinteractive.com/wp-content/uploads/elementor/css/post-527649d.css]
[hendon.qodeinteractive.com/apartment-item/duplex/feed/index.html]
[hendon.qodeinteractive.com/wp-json/oembed/1.0/embede6fa.json]
[hendon.qodeinteractive.com/wp-json/oembed/1.0/embed2dcb]
[hendon.qodeinteractive.com/apartment-item/duplex/index.html]
[hendon.qodeinteractive.com/wp-content/uploads/elementor/css/post-524d8cf.css]
[hendon.qodeinteractive.com/apartment-item/double-height/feed/index.html]
[hendon.qodeinteractive.com/wp-json/oembed/1.0/embed7783.json]
[hendon.qodeinteractive.com/wp-json/oembed/1.0/embed7f22]
[hendon.qodeinteractive.com/apartment-item/double-height/index.html]
[hendon.qodeinteractive.com/wp-content/uploads/elementor/css/post-5212a76.css]
[hendon.qodeinteractive.com/apartment-item/studio/feed/index.html]
[hendon.qodeinteractive.com/wp-json/oembed/1.0/embedebab.json]
[hendon.qodeinteractive.com/wp-json/oembed/1.0/embedf7bd]
[hendon.qodeinteractive.com/apartment-item/studio/index.html]
[hendon.qodeinteractive.com/wp-content/uploads/elementor/css/post-518dfd9.css]
[hendon.qodeinteractive.com/apartment-item/penthouse/feed/index.html]
[hendon.qodeinteractive.com/wp-json/oembed/1.0/embed3a93.json]
[hendon.qodeinteractive.com/wp-json/oembed/1.0/embedb3f4]
[hendon.qodeinteractive.com/apartment-item/penthouse/index.html]
[hendon.qodeinteractive.com/wp-content/uploads/elementor/css/post-6199273.css]
[hendon.qodeinteractive.com/safe-for-kids/feed/index.html]
[hendon.qodeinteractive.com/wp-json/wp/v2/posts/619.json]
[hendon.qodeinteractive.com/wp-json/oembed/1.0/embed0f04.json]
[hendon.qodeinteractive.com/wp-json/oembed/1.0/embed2e6f]
[hendon.qodeinteractive.com/safe-for-kids/indexb951.html]
[hendon.qodeinteractive.com/safe-for-kids/index5a86.html]
[hendon.qodeinteractive.com/safe-for-kids/index.html]
[hendon.qodeinteractive.com/2020/05/index.html]
[hendon.qodeinteractive.com/wp-content/uploads/elementor/css/post-61552e5.css]
[hendon.qodeinteractive.com/bedroom-ideas/feed/index.html]
[hendon.qodeinteractive.com/wp-json/wp/v2/posts/615.json]
[hendon.qodeinteractive.com/wp-json/oembed/1.0/embedc25b.json]
[hendon.qodeinteractive.com/wp-json/oembed/1.0/embed01da]
[hendon.qodeinteractive.com/bedroom-ideas/index6f0d.html]
[hendon.qodeinteractive.com/bedroom-ideas/indexa79a.html]
[hendon.qodeinteractive.com/bedroom-ideas/index.html]
[hendon.qodeinteractive.com/2020/04/index.html]
[hendon.qodeinteractive.com/wp-admin/admin-ajax.html]
[hendon.qodeinteractive.com/wp-content/plugins/elementor/assets/lib/animations/animations.min49eb.css]
[hendon.qodeinteractive.com/wp-content/plugins/revslider/public/assets/fonts/revicons/revicons90c6.eot]
[hendon.qodeinteractive.com/wp-content/plugins/revslider/public/assets/fonts/revicons/revicons90c6.woff]
[hendon.qodeinteractive.com/wp-content/plugins/revslider/public/assets/fonts/revicons/revicons90c6.ttf]
[hendon.qodeinteractive.com/wp-content/plugins/revslider/public/assets/fonts/revicons/revicons90c6.svg]
[hendon.qodeinteractive.com/wp-content/plugins/revslider/public/assets/css/openhand.cur]
[hendon.qodeinteractive.com/wp-content/plugins/revslider/public/assets/css/closedhand.cur]
[hendon.qodeinteractive.com/wp-content/plugins/revslider/public/assets/assets/gridtile.png]
[hendon.qodeinteractive.com/wp-content/plugins/revslider/public/assets/assets/gridtile_white.png]
[hendon.qodeinteractive.com/wp-content/plugins/revslider/public/assets/assets/gridtile_3x3.png]
[hendon.qodeinteractive.com/wp-content/plugins/revslider/public/assets/assets/gridtile_3x3_white.png]
[hendon.qodeinteractive.com/wp-content/plugins/revslider/public/assets/assets/coloredbg.png]
[hendon.qodeinteractive.com/wp-content/plugins/revslider/public/assets/assets/loader.gif]
[hendon.qodeinteractive.com/wp-content/plugins/revslider/public/assets/css/rs6069c.css]
[toolbar.qodeinteractive.com/_toolbar/assets/img/rbt-placeholder.jpg]
[export.qodethemes.com/_toolbar/assets/js/rbt-modules69c8.js]
[hendon.qodeinteractive.com/wp-content/plugins/hendon-core/inc/icons/elegant-icons/assets/fonts/ElegantIcons.svg]
[hendon.qodeinteractive.com/wp-content/plugins/hendon-core/inc/icons/font-awesome/assets/webfonts/fa-brands-400.svg]
[hendon.qodeinteractive.com/wp-content/plugins/hendon-core/inc/icons/font-awesome/assets/webfonts/fa-regular-400.svg]
[hendon.qodeinteractive.com/wp-content/plugins/hendon-core/inc/icons/font-awesome/assets/webfonts/fa-solid-900.svg]
[hendon.qodeinteractive.com/wp-content/plugins/hendon-core/inc/icons/ionicons/assets/fonts/ioniconsde33.svg]
[hendon.qodeinteractive.com/wp-content/plugins/hendon-core/inc/icons/linea-icons/assets/fonts/arrows/fonts/linea-arrows-10.svg]
[hendon.qodeinteractive.com/wp-content/plugins/hendon-core/inc/icons/linea-icons/assets/fonts/basic/fonts/linea-basic-10.svg]
[hendon.qodeinteractive.com/wp-content/plugins/hendon-core/inc/icons/linea-icons/assets/fonts/basic-elaboration/fonts/linea-basic-elaboration-10.svg]
[hendon.qodeinteractive.com/wp-content/plugins/hendon-core/inc/icons/linea-icons/assets/fonts/ecommerce/fonts/linea-ecommerce-10.svg]
[hendon.qodeinteractive.com/wp-content/plugins/hendon-core/inc/icons/linea-icons/assets/fonts/music/fonts/linea-music-10.svg]
[hendon.qodeinteractive.com/wp-content/plugins/hendon-core/inc/icons/linea-icons/assets/fonts/software/fonts/linea-software-10.svg]
[hendon.qodeinteractive.com/wp-content/plugins/hendon-core/inc/icons/linea-icons/assets/fonts/weather/fonts/linea-weather-10.svg]
[hendon.qodeinteractive.com/wp-content/plugins/hendon-core/inc/icons/linear-icons/assets/fonts/Linearicons-Free54e9.svg]
[hendon.qodeinteractive.com/wp-content/plugins/hendon-core/inc/icons/simple-line-icons/assets/fonts/Simple-Line-Iconsb26c.svg]
[hendon.qodeinteractive.com/wp-content/plugins/image-map-pro-wordpress/fonts/fontawesome-webfont3e6e.svg]
[hendon.qodeinteractive.com/wp-content/plugins/woocommerce/assets/fonts/star.svg]
[hendon.qodeinteractive.com/wp-content/plugins/woocommerce/assets/fonts/WooCommerce.svg]
[hendon.qodeinteractive.com/wp-content/plugins/woocommerce/assets/images/icons/loader.svg]
[hendon.qodeinteractive.com/wp-content/plugins/woocommerce/assets/images/icons/credit-cards/visa.svg]
[hendon.qodeinteractive.com/wp-content/plugins/woocommerce/assets/images/icons/credit-cards/mastercard.svg]
[hendon.qodeinteractive.com/wp-content/plugins/woocommerce/assets/images/icons/credit-cards/laser.svg]
[hendon.qodeinteractive.com/wp-content/plugins/woocommerce/assets/images/icons/credit-cards/diners.svg]
[hendon.qodeinteractive.com/wp-content/plugins/woocommerce/assets/images/icons/credit-cards/maestro.svg]
[hendon.qodeinteractive.com/wp-content/plugins/woocommerce/assets/images/icons/credit-cards/jcb.svg]
[hendon.qodeinteractive.com/wp-content/plugins/woocommerce/assets/images/icons/credit-cards/amex.svg]
[hendon.qodeinteractive.com/wp-content/plugins/woocommerce/assets/images/icons/credit-cards/discover.svg]
[hendon.qodeinteractive.com/wp-content/plugins/wp-user-avatar/assets/images/social-login/google.svg]
[hendon.qodeinteractive.com/wp-content/plugins/wp-user-avatar/assets/images/social-login/vk-fa.svg]
[hendon.qodeinteractive.com/wp-content/plugins/wp-user-avatar/assets/images/social-login/facebook.svg]
[hendon.qodeinteractive.com/wp-content/plugins/wp-user-avatar/assets/images/social-login/twitter.svg]
[hendon.qodeinteractive.com/wp-content/plugins/wp-user-avatar/assets/images/social-login/linkedin.svg]
[hendon.qodeinteractive.com/wp-content/plugins/wp-user-avatar/assets/images/social-login/github-fa.svg]
[hendon.qodeinteractive.com/wp-content/themes/hendon/assets/img/select-arrow.svg]
[hendon.qodeinteractive.com/wp-content/themes/hendon/assets/img/close-icon.svg]
[hendon.qodeinteractive.com/wp-content/plugins/elementor/assets/lib/eicons/fonts/eiconsc387.svg]
[hendon.qodeinteractive.com/wp-content/uploads/elementor/css/post-1239f81e.css]
[hendon.qodeinteractive.com/indexc3b2.html]
[hendon.qodeinteractive.com/cdn-cgi/l/email-protection.html]
[hendon.qodeinteractive.com/wp-content/uploads/2020/05/h2-img-1.jpg]
[hendon.qodeinteractive.com/wp-content/uploads/elementor/css/post-6512e58.css]
[hendon.qodeinteractive.com/indexa26f.html]
[hendon.qodeinteractive.com/floor-showcase/index.html]
[hendon.qodeinteractive.com/apartment-slider/index.html]
[hendon.qodeinteractive.com/wp-content/uploads/elementor/css/post-1974408f.css]
[hendon.qodeinteractive.com/property-item/villa-1/feed/index.html]
[hendon.qodeinteractive.com/wp-json/oembed/1.0/embedab30.json]
[hendon.qodeinteractive.com/wp-json/oembed/1.0/embeda537]
[hendon.qodeinteractive.com/property-item/villa-1/index.html]
[hendon.qodeinteractive.com/wp-content/uploads/elementor/css/post-19775afe.css]
[hendon.qodeinteractive.com/property-item/villa-2/feed/index.html]
[hendon.qodeinteractive.com/wp-json/oembed/1.0/embed439b.json]
[hendon.qodeinteractive.com/wp-json/oembed/1.0/embeda7c7]
[hendon.qodeinteractive.com/property-item/villa-2/index.html]
[hendon.qodeinteractive.com/wp-content/uploads/elementor/css/post-24364176.css]
[hendon.qodeinteractive.com/property-item/villa-3/feed/index.html]
[hendon.qodeinteractive.com/wp-json/oembed/1.0/embed8b20.json]
[hendon.qodeinteractive.com/wp-json/oembed/1.0/embedb6f0]
[hendon.qodeinteractive.com/property-item/villa-3/index.html]
[hendon.qodeinteractive.com/wp-content/uploads/elementor/css/post-244081cc.css]
[hendon.qodeinteractive.com/wp-json/oembed/1.0/embedc7a8.json]
[hendon.qodeinteractive.com/property-item/villa-4/feed/index.html]
[hendon.qodeinteractive.com/wp-json/oembed/1.0/embed3557]
[hendon.qodeinteractive.com/property-item/villa-4/index.html]
[hendon.qodeinteractive.com/wp-content/uploads/2020/05/home-3-video-img.jpg]
[hendon.qodeinteractive.com/wp-content/uploads/elementor/css/post-8990ca8.css]
[hendon.qodeinteractive.com/indexd250.html]
[hendon.qodeinteractive.com/wp-content/uploads/elementor/css/post-1019ad80.css]
[hendon.qodeinteractive.com/apartment-item/business-space/feed/index.html]
[hendon.qodeinteractive.com/wp-json/oembed/1.0/embeda782.json]
[hendon.qodeinteractive.com/wp-json/oembed/1.0/embedb256]
[hendon.qodeinteractive.com/apartment-item/business-space/index.html]
[hendon.qodeinteractive.com/wp-content/uploads/elementor/css/post-10283100.css]
[hendon.qodeinteractive.com/apartment-item/apartments/feed/index.html]
[hendon.qodeinteractive.com/wp-json/oembed/1.0/embed867d.json]
[hendon.qodeinteractive.com/wp-json/oembed/1.0/embed9d9f]
[hendon.qodeinteractive.com/apartment-item/apartments/index.html]
[hendon.qodeinteractive.com/wp-content/uploads/elementor/css/post-103179f7.css]
[hendon.qodeinteractive.com/apartment-item/houses/feed/index.html]
[hendon.qodeinteractive.com/wp-json/oembed/1.0/embed4865.json]
[hendon.qodeinteractive.com/wp-json/oembed/1.0/embed3738]
[hendon.qodeinteractive.com/apartment-item/houses/index.html]
[hendon.qodeinteractive.com/wp-content/uploads/elementor/css/post-8829a1e.css]
[hendon.qodeinteractive.com/index8381.html]
[hendon.qodeinteractive.com/wp-content/uploads/elementor/css/post-907eea2.css]
[hendon.qodeinteractive.com/property-item/san/feed/index.html]
[hendon.qodeinteractive.com/wp-json/oembed/1.0/embedd69e.json]
[hendon.qodeinteractive.com/wp-json/oembed/1.0/embeda11e]
[hendon.qodeinteractive.com/property-item/san/index.html]
[hendon.qodeinteractive.com/property-category/apartments/index.html]
[hendon.qodeinteractive.com/property-category/apartments/feed/index.html]
[hendon.qodeinteractive.com/wp-content/uploads/elementor/css/post-911d930.css]
[hendon.qodeinteractive.com/property-item/mar/feed/index.html]
[hendon.qodeinteractive.com/wp-json/oembed/1.0/embedfe5f.json]
[hendon.qodeinteractive.com/wp-json/oembed/1.0/embed93dd]
[hendon.qodeinteractive.com/property-item/mar/index.html]
[hendon.qodeinteractive.com/wp-content/uploads/elementor/css/post-91867f3.css]
[hendon.qodeinteractive.com/property-item/ino/feed/index.html]
[hendon.qodeinteractive.com/wp-json/oembed/1.0/embed5965.json]
[hendon.qodeinteractive.com/wp-json/oembed/1.0/embedcc00]
[hendon.qodeinteractive.com/property-item/ino/index.html]
[hendon.qodeinteractive.com/wp-content/uploads/elementor/css/post-240e88b.css]
[hendon.qodeinteractive.com/wp-json/oembed/1.0/embede20c.json]
[hendon.qodeinteractive.com/apartment-item/modern-home/feed/index.html]
[hendon.qodeinteractive.com/wp-json/oembed/1.0/embedd386]
[hendon.qodeinteractive.com/apartment-item/modern-home/index.html]
[hendon.qodeinteractive.com/wp-content/uploads/elementor/css/post-33009aa.css]
[hendon.qodeinteractive.com/wp-json/oembed/1.0/embed7b2e.json]
[hendon.qodeinteractive.com/apartment-item/5-rooms-apartments/feed/index.html]
[hendon.qodeinteractive.com/wp-json/oembed/1.0/embed87b0]
[hendon.qodeinteractive.com/apartment-item/5-rooms-apartments/index.html]
[hendon.qodeinteractive.com/wp-content/uploads/elementor/css/post-10115370.css]
[hendon.qodeinteractive.com/index3388.html]
[hendon.qodeinteractive.com/index1723.html]
[hendon.qodeinteractive.com/wp-content/uploads/elementor/css/post-31956ba.css]
[hendon.qodeinteractive.com/index63fb.html]
[hendon.qodeinteractive.com/wp-content/uploads/elementor/css/post-356b368.css]
[hendon.qodeinteractive.com/apartment-item/3-rooms-apartments/feed/index.html]
[hendon.qodeinteractive.com/wp-json/oembed/1.0/embed4c83.json]
[hendon.qodeinteractive.com/wp-json/oembed/1.0/embedfea9]
[hendon.qodeinteractive.com/apartment-item/3-rooms-apartments/index.html]
[hendon.qodeinteractive.com/wp-content/uploads/elementor/css/post-36753d0.css]
[hendon.qodeinteractive.com/apartment-item/4-rooms-apartments/feed/index.html]
[hendon.qodeinteractive.com/wp-json/oembed/1.0/embed6b70.json]
[hendon.qodeinteractive.com/wp-json/oembed/1.0/embed35dd]
[hendon.qodeinteractive.com/apartment-item/4-rooms-apartments/index.html]
[hendon.qodeinteractive.com/wp-content/uploads/elementor/css/post-412f53f.css]
[hendon.qodeinteractive.com/apartment-item/5-rooms-apartments-3/feed/index.html]
[hendon.qodeinteractive.com/wp-json/oembed/1.0/embed1679.json]
[hendon.qodeinteractive.com/wp-json/oembed/1.0/embedfdcd]
[hendon.qodeinteractive.com/apartment-item/5-rooms-apartments-3/index.html]
[hendon.qodeinteractive.com/wp-content/uploads/elementor/css/post-4099644.css]
[hendon.qodeinteractive.com/apartment-item/3-rooms-apartments-2/feed/index.html]
[hendon.qodeinteractive.com/wp-json/oembed/1.0/embed7f3f.json]
[hendon.qodeinteractive.com/wp-json/oembed/1.0/embeddebd]
[hendon.qodeinteractive.com/apartment-item/3-rooms-apartments-2/index.html]
[hendon.qodeinteractive.com/wp-content/uploads/elementor/css/post-406eb34.css]
[hendon.qodeinteractive.com/apartment-item/4-rooms-apartments-2/feed/index.html]
[hendon.qodeinteractive.com/wp-json/oembed/1.0/embedb7bb.json]
[hendon.qodeinteractive.com/wp-json/oembed/1.0/embeda586]
[hendon.qodeinteractive.com/apartment-item/4-rooms-apartments-2/index.html]
[hendon.qodeinteractive.com/wp-content/uploads/elementor/css/post-4202fd3.css]
[hendon.qodeinteractive.com/apartment-item/5-rooms-apartments-2/feed/index.html]
[hendon.qodeinteractive.com/wp-json/oembed/1.0/embedd294.json]
[hendon.qodeinteractive.com/wp-json/oembed/1.0/embed56d2]
[hendon.qodeinteractive.com/apartment-item/5-rooms-apartments-2/index.html]
[hendon.qodeinteractive.com/wp-content/uploads/elementor/css/post-418cb32.css]
[hendon.qodeinteractive.com/apartment-item/3-rooms-apartments-4/feed/index.html]
[hendon.qodeinteractive.com/wp-json/oembed/1.0/embedcb3e.json]
[hendon.qodeinteractive.com/wp-json/oembed/1.0/embed4aa2]
[hendon.qodeinteractive.com/apartment-item/3-rooms-apartments-4/index.html]
[hendon.qodeinteractive.com/wp-content/uploads/elementor/css/post-4161ead.css]
[hendon.qodeinteractive.com/apartment-item/4-rooms-apartments-3/feed/index.html]
[hendon.qodeinteractive.com/wp-json/oembed/1.0/embed346b.json]
[hendon.qodeinteractive.com/wp-json/oembed/1.0/embed2c01]
[hendon.qodeinteractive.com/apartment-item/4-rooms-apartments-3/index.html]
[hendon.qodeinteractive.com/wp-content/uploads/elementor/css/post-117295bc.css]
[hendon.qodeinteractive.com/index74ef.html]
[hendon.qodeinteractive.com/wp-content/uploads/elementor/css/post-12975370.css]
[hendon.qodeinteractive.com/index214b.html]
[hendon.qodeinteractive.com/wp-content/uploads/elementor/css/post-1266238a.css]
[hendon.qodeinteractive.com/index80a2.html]
[hendon.qodeinteractive.com/wp-content/uploads/elementor/css/post-129989dc.css]
[hendon.qodeinteractive.com/indexd201.html]
[hendon.qodeinteractive.com/category/architecture/feed/index.html]
[hendon.qodeinteractive.com/wp-json/wp/v2/categories/33.json]
[hendon.qodeinteractive.com/category/architecture/index.html]
[hendon.qodeinteractive.com/wp-json/wp/v2/categories/41.json]
[hendon.qodeinteractive.com/category/house/feed/index.html]
[hendon.qodeinteractive.com/category/house/index.html]
[hendon.qodeinteractive.com/wp-json/wp/v2/categories/26.json]
[hendon.qodeinteractive.com/category/property/feed/index.html]
[hendon.qodeinteractive.com/category/property/index.html]
[hendon.qodeinteractive.com/wp-json/wp/v2/categories/51.json]
[hendon.qodeinteractive.com/category/real-estate/feed/index.html]
[hendon.qodeinteractive.com/category/real-estate/index.html]
[hendon.qodeinteractive.com/wp-json/wp/v2/categories/25.json]
[hendon.qodeinteractive.com/category/residence/feed/index.html]
[hendon.qodeinteractive.com/category/residence/index.html]
[hendon.qodeinteractive.com/wp-content/uploads/2020/05/coming-soon-background-img.jpg]
[hendon.qodeinteractive.com/wp-content/uploads/elementor/css/post-122555b5.css]
[hendon.qodeinteractive.com/indexf5cb.html]
[hendon.qodeinteractive.com/wp-content/uploads/elementor/css/post-2089b7f1.css]
[hendon.qodeinteractive.com/index00bc.html]
[hendon.qodeinteractive.com/wp-content/uploads/elementor/css/post-2124056b.css]
[hendon.qodeinteractive.com/index9924.html]
[hendon.qodeinteractive.com/wp-content/uploads/2020/04/prop-main-image.jpg]
[hendon.qodeinteractive.com/wp-content/uploads/2020/04/apart-back-img-1.jpg]
[hendon.qodeinteractive.com/wp-content/uploads/elementor/css/post-192bedf.css]
[hendon.qodeinteractive.com/index5a6a.html]
[hendon.qodeinteractive.com/wp-content/uploads/elementor/css/post-6945afe.css]
[hendon.qodeinteractive.com/wp-content/uploads/elementor/css/post-701b6b7.css]
[hendon.qodeinteractive.com/wp-content/uploads/elementor/css/post-705b6b7.css]
[hendon.qodeinteractive.com/wp-content/uploads/elementor/css/post-709b6b7.css]
[hendon.qodeinteractive.com/wp-content/uploads/elementor/css/post-213327a3.css]
[hendon.qodeinteractive.com/index6654.html]
[hendon.qodeinteractive.com/wp-content/uploads/elementor/css/post-211227a3.css]
[hendon.qodeinteractive.com/index019f.html]
[hendon.qodeinteractive.com/wp-content/uploads/elementor/css/post-24ceeb.css]
[hendon.qodeinteractive.com/index2cf9.html]
[hendon.qodeinteractive.com/index8c55.html]
[hendon.qodeinteractive.com/wp-json/wp/v2/users/2.json]
[hendon.qodeinteractive.com/author/ivet_berges/feed/index.html]
[hendon.qodeinteractive.com/author/ivet_berges/index.html]
[hendon.qodeinteractive.com/wp-json/wp/v2/tags/23.json]
[hendon.qodeinteractive.com/tag/architecture/feed/index.html]
[hendon.qodeinteractive.com/tag/architecture/index.html]
[hendon.qodeinteractive.com/wp-json/wp/v2/tags/22.json]
[hendon.qodeinteractive.com/tag/house/feed/index.html]
[hendon.qodeinteractive.com/tag/house/index.html]
[hendon.qodeinteractive.com/tag/property/feed/index.html]
[hendon.qodeinteractive.com/wp-json/wp/v2/tags/21.json]
[hendon.qodeinteractive.com/tag/property/index.html]
[hendon.qodeinteractive.com/wp-json/wp/v2/tags/24.json]
[hendon.qodeinteractive.com/tag/residence/feed/index.html]
[hendon.qodeinteractive.com/tag/residence/index.html]
[hendon.qodeinteractive.com/wp-includes/js/mediaelement/mediaelementplayer-legacy.min08e1.css]
[hendon.qodeinteractive.com/wp-includes/js/mediaelement/wp-mediaelement.min69c8.css]
[hendon.qodeinteractive.com/index1caa.html]
[hendon.qodeinteractive.com/indexc351.html]
[hendon.qodeinteractive.com/xmlrpc.html]
[hendon.qodeinteractive.com/wp-content/uploads/elementor/css/post-449273.css]
[hendon.qodeinteractive.com/index49b1.html]
[hendon.qodeinteractive.com/wp-includes/js/mediaelement/mejs-controls.svg]
[hendon.qodeinteractive.com/bathroom-oasis/index0e22.html]
[hendon.qodeinteractive.com/bathroom-oasis/index3094.html]
[hendon.qodeinteractive.com/wp-content/uploads/elementor/css/post-29552e5.css]
[hendon.qodeinteractive.com/index1422.html]
[hendon.qodeinteractive.com/clever-remodel/index267f.html]
[hendon.qodeinteractive.com/clever-remodel/index41b7.html]
[hendon.qodeinteractive.com/wp-content/uploads/elementor/css/post-3089273.css]
[hendon.qodeinteractive.com/indexf454.html]
[hendon.qodeinteractive.com/homes-to-inspire/index360b.html]
[hendon.qodeinteractive.com/homes-to-inspire/index8528.html]
[hendon.qodeinteractive.com/wp-content/uploads/elementor/css/post-3039273.css]
[hendon.qodeinteractive.com/indexa853.html]
[hendon.qodeinteractive.com/pure-white-stylish/index6944.html]
[hendon.qodeinteractive.com/pure-white-stylish/indexa858.html]
[hendon.qodeinteractive.com/wp-content/uploads/elementor/css/post-3059273.css]
[hendon.qodeinteractive.com/index4720.html]
[hendon.qodeinteractive.com/warm-interior/index04d3.html]
[hendon.qodeinteractive.com/warm-interior/indexfa40.html]
[hendon.qodeinteractive.com/wp-content/uploads/elementor/css/post-29352e5.css]
[hendon.qodeinteractive.com/index89a1.html]
[hendon.qodeinteractive.com/visualize-project/index21b4.html]
[hendon.qodeinteractive.com/visualize-project/index8e42.html]
[hendon.qodeinteractive.com/wp-content/uploads/elementor/css/post-30152e5.css]
[hendon.qodeinteractive.com/index8a7d.html]
[hendon.qodeinteractive.com/ultimate-design/index94a5.html]
[hendon.qodeinteractive.com/ultimate-design/indexfc06.html]
[hendon.qodeinteractive.com/wp-content/uploads/2020/05/land-bg-img-1.jpg]
[hendon.qodeinteractive.com/wp-content/uploads/2020/05/land-bg-img-2.jpg]
[hendon.qodeinteractive.com/wp-content/uploads/2020/05/land-bg-img-3.jpg]
[hendon.qodeinteractive.com/wp-content/uploads/elementor/css/post-138132f1.css]
[hendon.qodeinteractive.com/index3e5f.html]
[hendon.qodeinteractive.com/landing/https_/hendon.qodeinteractive.com/wp-content/uploads/2020/06/land-marquee.html]
[hendon.qodeinteractive.com/wp-content/uploads/elementor/css/post-200731df.css]
[hendon.qodeinteractive.com/index30ee.html]
[hendon.qodeinteractive.com/wp-content/uploads/elementor/css/post-20146fed.css]
[hendon.qodeinteractive.com/index8a56.html]
[hendon.qodeinteractive.com/wp-content/uploads/elementor/css/post-202221d6.css]
[hendon.qodeinteractive.com/index7e15.html]
[hendon.qodeinteractive.com/wp-content/uploads/elementor/css/post-20243130.css]
[hendon.qodeinteractive.com/indexf613.html]
[hendon.qodeinteractive.com/wp-content/uploads/elementor/css/post-20265e68.css]
[hendon.qodeinteractive.com/index5b4f.html]
[hendon.qodeinteractive.com/wp-content/uploads/elementor/css/post-2031cd2d.css]
[hendon.qodeinteractive.com/index1914.html]
[hendon.qodeinteractive.com/wp-content/uploads/elementor/css/post-5334bd2.css]
[hendon.qodeinteractive.com/index7414.html]
[hendon.qodeinteractive.com/wp-content/uploads/elementor/css/post-530bbad.css]
[hendon.qodeinteractive.com/indexde52.html]
[hendon.qodeinteractive.com/wp-content/uploads/elementor/css/post-527649d.css]
[hendon.qodeinteractive.com/index9a9b.html]
[hendon.qodeinteractive.com/wp-content/uploads/elementor/css/post-524d8cf.css]
[hendon.qodeinteractive.com/index7dad.html]
[hendon.qodeinteractive.com/wp-content/uploads/elementor/css/post-5212a76.css]
[hendon.qodeinteractive.com/index1b7d.html]
[hendon.qodeinteractive.com/wp-content/uploads/elementor/css/post-518dfd9.css]
[hendon.qodeinteractive.com/indexa51f.html]
[hendon.qodeinteractive.com/wp-content/uploads/elementor/css/post-6199273.css]
[hendon.qodeinteractive.com/index7867.html]
[hendon.qodeinteractive.com/safe-for-kids/indexb951.html]
[hendon.qodeinteractive.com/safe-for-kids/index5a86.html]
[hendon.qodeinteractive.com/wp-content/uploads/elementor/css/post-61552e5.css]
[hendon.qodeinteractive.com/index2f7a.html]
[hendon.qodeinteractive.com/bedroom-ideas/index6f0d.html]
[hendon.qodeinteractive.com/bedroom-ideas/indexa79a.html]
[hendon.qodeinteractive.com/wp-content/plugins/revslider/public/assets/fonts/revicons/revicons90c6.svg]
[hendon.qodeinteractive.com/wp-content/uploads/elementor/css/post-1974408f.css]
[hendon.qodeinteractive.com/index5865.html]
[hendon.qodeinteractive.com/wp-content/uploads/elementor/css/post-19775afe.css]
[hendon.qodeinteractive.com/indexa8b0.html]
[hendon.qodeinteractive.com/wp-content/uploads/elementor/css/post-24364176.css]
[hendon.qodeinteractive.com/index02d1.html]
[hendon.qodeinteractive.com/wp-content/uploads/elementor/css/post-244081cc.css]
[hendon.qodeinteractive.com/indexfc19.html]
[hendon.qodeinteractive.com/wp-content/uploads/elementor/css/post-1019ad80.css]
[hendon.qodeinteractive.com/index1bd8.html]
[hendon.qodeinteractive.com/wp-content/uploads/elementor/css/post-10283100.css]
[hendon.qodeinteractive.com/indexc921.html]
[hendon.qodeinteractive.com/wp-content/uploads/elementor/css/post-103179f7.css]
[hendon.qodeinteractive.com/index59fe.html]
[hendon.qodeinteractive.com/wp-content/uploads/elementor/css/post-907eea2.css]
[hendon.qodeinteractive.com/indexa5c3.html]
[hendon.qodeinteractive.com/wp-content/uploads/elementor/css/post-911d930.css]
[hendon.qodeinteractive.com/indexc5f9.html]
[hendon.qodeinteractive.com/wp-content/uploads/elementor/css/post-91867f3.css]
[hendon.qodeinteractive.com/index5f81.html]
[hendon.qodeinteractive.com/wp-content/uploads/elementor/css/post-240e88b.css]
[hendon.qodeinteractive.com/indexcfe0.html]
[hendon.qodeinteractive.com/wp-content/uploads/elementor/css/post-33009aa.css]
[hendon.qodeinteractive.com/index1639.html]
[hendon.qodeinteractive.com/wp-content/uploads/elementor/css/post-356b368.css]
[hendon.qodeinteractive.com/index57e7.html]
[hendon.qodeinteractive.com/wp-content/uploads/elementor/css/post-36753d0.css]
[hendon.qodeinteractive.com/index55d4.html]
[hendon.qodeinteractive.com/wp-content/uploads/elementor/css/post-412f53f.css]
[hendon.qodeinteractive.com/index5604.html]
[hendon.qodeinteractive.com/wp-content/uploads/elementor/css/post-4099644.css]
[hendon.qodeinteractive.com/indexe145.html]
[hendon.qodeinteractive.com/wp-content/uploads/elementor/css/post-406eb34.css]
[hendon.qodeinteractive.com/index40e6.html]
[hendon.qodeinteractive.com/wp-content/uploads/elementor/css/post-4202fd3.css]
[hendon.qodeinteractive.com/index17d3.html]
[hendon.qodeinteractive.com/wp-content/uploads/elementor/css/post-418cb32.css]
[hendon.qodeinteractive.com/index1263.html]
[hendon.qodeinteractive.com/wp-content/uploads/elementor/css/post-4161ead.css]
[hendon.qodeinteractive.com/index5750.html]
[hendon.qodeinteractive.com/wp-includes/js/mediaelement/mejs-controls.svg]
