[preview.colorlib.com/theme/vacationrental/index.html]
[backblue.gif]
[fade.gif]
[index.html]
[stackpath.bootstrapcdn.com/font-awesome/4.7.0/css/font-awesome.min.css]
[preview.colorlib.com/theme/vacationrental/index-2.html]
[preview.colorlib.com/theme/vacationrental/css/animate.css+owl.carousel.min.css+owl.theme.default.min.css+magnific-popup.css+bootstrap-datepicker.css+jquery.timepicker.css+flaticon.css+style.css.pagespeed.cc.TncY36d]
[preview.colorlib.com/theme/vacationrental/about.html]
[preview.colorlib.com/theme/vacationrental/services.html]
[preview.colorlib.com/theme/vacationrental/rooms.html]
[preview.colorlib.com/theme/vacationrental/blog.html]
[preview.colorlib.com/theme/vacationrental/contact.html]
[preview.colorlib.com/theme/vacationrental/images/xbg_1.jpg.pagespeed.ic.yXbuegvbmi.jpg]
[preview.colorlib.com/theme/vacationrental/images/xservices-1.jpg.pagespeed.ic.sH4L_q1gDD.jpg]
[preview.colorlib.com/theme/vacationrental/images/xservices-2.jpg.pagespeed.ic.mdvZeCUnvo.jpg]
[preview.colorlib.com/theme/vacationrental/images/xservices-3.jpg.pagespeed.ic.UNMYVVohjO.jpg]
[preview.colorlib.com/theme/vacationrental/images/xroom-1.jpg.pagespeed.ic.j7_gUsbfiW.jpg]
[preview.colorlib.com/theme/vacationrental/room-single.html]
[preview.colorlib.com/theme/vacationrental/images/xroom-2.jpg.pagespeed.ic.RWk6y2cGAc.jpg]
[preview.colorlib.com/theme/vacationrental/images/xroom-3.jpg.pagespeed.ic.1_fVN4GKrT.jpg]
[preview.colorlib.com/theme/vacationrental/images/xroom-4.jpg.pagespeed.ic.2DpthT_oqM.jpg]
[preview.colorlib.com/theme/vacationrental/images/xperson_1.jpg.pagespeed.ic.P4pHl6glbj.jpg]
[preview.colorlib.com/theme/vacationrental/images/xperson_2.jpg.pagespeed.ic.yyrmjBH91b.jpg]
[preview.colorlib.com/theme/vacationrental/images/person_3.jpg]
[preview.colorlib.com/theme/vacationrental/images/xperson_4.jpg.pagespeed.ic.sgz97bCjv4.jpg]
[preview.colorlib.com/theme/vacationrental/images/xabout.jpg.pagespeed.ic.64FSJkAnuJ.jpg]
[preview.colorlib.com/theme/vacationrental/blog-single.html]
[preview.colorlib.com/theme/vacationrental/images/ximage_1.jpg.pagespeed.ic.d3eYXnswxO.jpg]
[preview.colorlib.com/theme/vacationrental/images/ximage_2.jpg.pagespeed.ic.AGdXSIRMOY.jpg]
[preview.colorlib.com/theme/vacationrental/images/ximage_3.jpg.pagespeed.ic.WCWlG0BFR5.jpg]
[preview.colorlib.com/cdn-cgi/scripts/5c5dd728/cloudflare-static/email-decode.min.js]
[preview.colorlib.com/theme/vacationrental/js/jquery.min.js]
[preview.colorlib.com/theme/vacationrental/js/jquery-migrate-3.0.1.min.js+popper.min.js+bootstrap.min.js.pagespeed.jc.ig_G-0Yue4.js]
[preview.colorlib.com/theme/vacationrental/js/jquery.easing.1.3.js+jquery.waypoints.min.js+jquery.stellar.min.js+jquery.animateNumber.min.js+bootstrap-datepicker.js.pagespeed.jc.Mn7e5lndoz.js]
[preview.colorlib.com/theme/vacationrental/js/jquery.timepicker.min.js+owl.carousel.min.js+jquery.magnific-popup.min.js+scrollax.min.js+google-map.js.pagespeed.jc.zGpSlx5rUj.js]
[preview.colorlib.com/theme/vacationrental/index.html]
[stackpath.bootstrapcdn.com/font-awesome/4.7.0/css/font-awesome.min.css]
[preview.colorlib.com/theme/vacationrental/js/main.js]
[preview.colorlib.com/theme/vacationrental/css/owl.video.play.png]
[preview.colorlib.com/theme/vacationrental/fonts/flaticon/font/Flaticon.eot]
[preview.colorlib.com/theme/vacationrental/fonts/flaticon/font/Flaticond41d.eot]
[preview.colorlib.com/theme/vacationrental/fonts/flaticon/font/Flaticon.woff]
[preview.colorlib.com/theme/vacationrental/fonts/flaticon/font/Flaticon.ttf]
[preview.colorlib.com/theme/vacationrental/css/animate.css+owl.carousel.min.css+owl.theme.default.min.css+magnific-popup.css+bootstrap-datepicker.css+jquery.timepicker.css+flaticon.css+style.css.pagespeed.cc.TncY36d]
[preview.colorlib.com/cdn-cgi/zaraz/sd0d9.js]
[preview.colorlib.com/theme/vacationrental/index-2.html]
[preview.colorlib.com/theme/vacationrental/fonts/flaticon/font/Flaticon.svg]
[preview.colorlib.com/theme/vacationrental/images/bg_2.jpg]
[preview.colorlib.com/theme/vacationrental/about.html]
[preview.colorlib.com/theme/vacationrental/css/A.animate.css+owl.carousel.min.css+owl.theme.default.min.css+magnific-popup.css+bootstrap-datepicker.css+jquery.timepicker.css+flaticon.css+style.css,Mcc.TncY36dScG.css]
[preview.colorlib.com/theme/vacationrental/images/xbg_2.jpg.pagespeed.ic.CQB8bWJdy7.jpg]
[preview.colorlib.com/theme/vacationrental/services.html]
[preview.colorlib.com/theme/vacationrental/images/room-5.jpg]
[preview.colorlib.com/theme/vacationrental/images/room-6.jpg]
[preview.colorlib.com/theme/vacationrental/rooms.html]
[preview.colorlib.com/theme/vacationrental/images/image_4.jpg]
[preview.colorlib.com/theme/vacationrental/images/image_5.jpg]
[preview.colorlib.com/theme/vacationrental/images/image_6.jpg]
[preview.colorlib.com/theme/vacationrental/blog.html]
[preview.colorlib.com/theme/vacationrental/contact.html]
[preview.colorlib.com/theme/vacationrental/room-single.html]
[preview.colorlib.com/theme/vacationrental/images/ximage_4.jpg.pagespeed.ic.TuQOgOMX2O.jpg]
[preview.colorlib.com/theme/vacationrental/images/ximage_5.jpg.pagespeed.ic.vyOpTkIQnI.jpg]
[preview.colorlib.com/theme/vacationrental/images/ximage_6.jpg.pagespeed.ic.59pQe0B6m4.jpg]
[preview.colorlib.com/theme/vacationrental/blog-single.html]
[preview.colorlib.com/theme/vacationrental/css/owl.video.play.html]
[preview.colorlib.com/theme/vacationrental/fonts/flaticon/font/Flaticon.svg]
[preview.colorlib.com/theme/vacationrental/css/A.animate.css+owl.carousel.min.css+owl.theme.default.min.css+magnific-popup.css+bootstrap-datepicker.css+jquery.timepicker.css+flaticon.css+style.css,Mcc.TncY36dScG.css]
