[peacefulqode.com/themes/architeck/index.html]
[backblue.gif]
[fade.gif]
[index.html]
[peacefulqode.com/themes/architeck/images/favicon.ico]
[peacefulqode.com/themes/architeck/css/bootstrap/bootstrap.min.css]
[peacefulqode.com/themes/architeck/rev-slider/css/rs6.css]
[peacefulqode.com/themes/architeck/css/style.css]
[peacefulqode.com/themes/architeck/css/responsive.css]
[peacefulqode.com/themes/architeck/images/loder.gif]
[peacefulqode.com/themes/architeck/images/logo.png]
[peacefulqode.com/themes/architeck/images/logo-white.png]
[peacefulqode.com/themes/architeck/index-2.html]
[peacefulqode.com/themes/architeck/index-3.html]
[peacefulqode.com/themes/architeck/index-4.html]
[peacefulqode.com/themes/architeck/index-5.html]
[peacefulqode.com/themes/architeck/index-6.html]
[peacefulqode.com/themes/architeck/about-us.html]
[peacefulqode.com/themes/architeck/about-me.html]
[peacefulqode.com/themes/architeck/our-services.html]
[peacefulqode.com/themes/architeck/our-team.html]
[peacefulqode.com/themes/architeck/leadership.html]
[peacefulqode.com/themes/architeck/our-process.html]
[peacefulqode.com/themes/architeck/our-client.html]
[peacefulqode.com/themes/architeck/pricing-plans.html]
[peacefulqode.com/themes/architeck/Frequently-Asked-Questions.html]
[peacefulqode.com/themes/architeck/404.html]
[peacefulqode.com/themes/architeck/2-columns.html]
[peacefulqode.com/themes/architeck/3-columns.html]
[peacefulqode.com/themes/architeck/3-columns-wide.html]
[peacefulqode.com/themes/architeck/4-columns-wide.html]
[peacefulqode.com/themes/architeck/portfolio-slider.html]
[peacefulqode.com/themes/architeck/portfolio-gallery.html]
[peacefulqode.com/themes/architeck/portfolio-single.html]
[peacefulqode.com/themes/architeck/one-column-blog.html]
[peacefulqode.com/themes/architeck/two-column-blog.html]
[peacefulqode.com/themes/architeck/three-column-blog.html]
[peacefulqode.com/themes/architeck/blog-left-sidebar.html]
[peacefulqode.com/themes/architeck/blog-right-sidebar.html]
[peacefulqode.com/themes/architeck/contect-us.html]
[peacefulqode.com/themes/architeck/get-in-touch.html]
[peacefulqode.com/themes/architeck/rev-slider/assets/bg-21-50x100.jpg]
[peacefulqode.com/themes/architeck/rev-slider/assets/bg-21.jpg]
[peacefulqode.com/themes/architeck/rev-slider/assets/bg-3343-50x100.jpg]
[peacefulqode.com/themes/architeck/rev-slider/assets/bg-3343.jpg]
[peacefulqode.com/themes/architeck/rev-slider/assets/bg-333-50x100.jpg]
[peacefulqode.com/themes/architeck/rev-slider/assets/bg-333.jpg]
[peacefulqode.com/themes/architeck/images/about/demo-4.png]
[peacefulqode.com/themes/architeck/images/about/demo-1.jpg]
[peacefulqode.com/themes/architeck/images/about/demo-2.jpg]
[peacefulqode.com/themes/architeck/images/about/demo-3.png]
[peacefulqode.com/themes/architeck/images/about/demo-5.png]
[peacefulqode.com/themes/architeck/images/bg/01.png]
[peacefulqode.com/themes/architeck/images/project/01.jpg]
[peacefulqode.com/themes/architeck/images/project/02.jpg]
[peacefulqode.com/themes/architeck/images/project/04.jpg]
[peacefulqode.com/themes/architeck/images/project/05.jpg]
[peacefulqode.com/themes/architeck/images/project/06.jpg]
[peacefulqode.com/themes/architeck/images/project/07.jpg]
[peacefulqode.com/themes/architeck/images/project/08.jpg]
[peacefulqode.com/themes/architeck/images/project/09.jpg]
[peacefulqode.com/themes/architeck/images/project/10.jpg]
[peacefulqode.com/themes/architeck/images/arrow-2.png]
[peacefulqode.com/themes/architeck/images/arrow-1.png]
[peacefulqode.com/themes/architeck/images/about/unnamed-1.png]
[peacefulqode.com/themes/architeck/images/bg/02.jpg]
[peacefulqode.com/themes/architeck/images/blog/blog-6.jpg]
[peacefulqode.com/themes/architeck/images/blog/blog-3.jpg]
[peacefulqode.com/themes/architeck/images/blog/blog-2.jpg]
[peacefulqode.com/themes/architeck/images/blog/blog-7.jpg]
[peacefulqode.com/themes/architeck/images/blog/blog-1.jpg]
[peacefulqode.com/themes/architeck/images/blog/blog-4.jpg]
[peacefulqode.com/themes/architeck/images/about/demo-6.jpg]
[peacefulqode.com/themes/architeck/images/bg/02.png]
[peacefulqode.com/themes/architeck/images/team/01.jpg]
[peacefulqode.com/themes/architeck/images/team/02.jpg]
[peacefulqode.com/themes/architeck/images/team/03.jpg]
[peacefulqode.com/themes/architeck/images/team/04.jpg]
[peacefulqode.com/themes/architeck/images/team/05.jpg]
[peacefulqode.com/themes/architeck/images/bg/03.jpg]
[peacefulqode.com/themes/architeck/images/testimonial/01.jpg]
[peacefulqode.com/themes/architeck/images/testimonial/02.jpg]
[peacefulqode.com/themes/architeck/images/testimonial/03.jpg]
[peacefulqode.com/themes/architeck/images/testimonial/04.jpg]
[peacefulqode.com/themes/architeck/images/client/01.png]
[peacefulqode.com/themes/architeck/images/client/001.png]
[peacefulqode.com/themes/architeck/images/client/02.png]
[peacefulqode.com/themes/architeck/images/client/002.png]
[peacefulqode.com/themes/architeck/images/client/03.png]
[peacefulqode.com/themes/architeck/images/client/003.png]
[peacefulqode.com/themes/architeck/images/client/04.png]
[peacefulqode.com/themes/architeck/images/client/004.png]
[peacefulqode.com/themes/architeck/images/client/05.png]
[peacefulqode.com/themes/architeck/images/client/005.png]
[peacefulqode.com/themes/architeck/images/client/06.png]
[peacefulqode.com/themes/architeck/images/client/006.png]
[peacefulqode.com/themes/architeck/images/client/07.png]
[peacefulqode.com/themes/architeck/images/client/007.png]
[peacefulqode.com/themes/architeck/images/client/08.png]
[peacefulqode.com/themes/architeck/images/client/008.png]
[peacefulqode.com/themes/architeck/blog-single.html]
[peacefulqode.com/themes/architeck/images/mail.png]
[peacefulqode.com/themes/architeck/contact-us.html]
[peacefulqode.com/themes/architeck/our-clients.html]
[peacefulqode.com/cdn-cgi/scripts/5c5dd728/cloudflare-static/email-decode.min.js]
[peacefulqode.com/themes/architeck/js/jquery-3.4.1.min.js]
[peacefulqode.com/themes/architeck/js/popper/popper.min.js]
[peacefulqode.com/themes/architeck/js/bootstrap/bootstrap.min.js]
[peacefulqode.com/themes/architeck/js/owl-carousel/owl.carousel.min.js]
[peacefulqode.com/themes/architeck/js/block-anime/block-anime.min.js]
[peacefulqode.com/themes/architeck/js/block-anime/block-scrollMonitor.js]
[peacefulqode.com/themes/architeck/js/block-anime/block-main.js]
[peacefulqode.com/themes/architeck/js/anime.min.js]
[peacefulqode.com/themes/architeck/js/circle-progress.min.js]
[peacefulqode.com/themes/architeck/js/imagesloaded.pkgd.min.js]
[peacefulqode.com/themes/architeck/js/isotope.pkgd.min.js]
[peacefulqode.com/themes/architeck/js/jquery.countTo.js]
[peacefulqode.com/themes/architeck/js/jquery.magnific-popup.min.js]
[peacefulqode.com/themes/architeck/js/tox-progress.js]
[peacefulqode.com/themes/architeck/js/wow.min.js]
[peacefulqode.com/themes/architeck/rev-slider/js/rbtools.min.js]
[peacefulqode.com/themes/architeck/rev-slider/js/rs6.min.js]
[peacefulqode.com/themes/architeck/js/rev-custom.js]
[peacefulqode.com/themes/architeck/js/custom.js]
[peacefulqode.com/themes/architeck/index.html]
[peacefulqode.com/themes/architeck/css/bootstrap/bootstrap.min.css]
[peacefulqode.com/themes/architeck/rev-slider/fonts/revicons/revicons90c6.eot]
[peacefulqode.com/themes/architeck/rev-slider/fonts/revicons/revicons90c6.woff]
[peacefulqode.com/themes/architeck/rev-slider/fonts/revicons/revicons90c6.ttf]
[peacefulqode.com/themes/architeck/rev-slider/fonts/revicons/revicons90c6.svg]
[peacefulqode.com/themes/architeck/rev-slider/css/openhand.cur]
[peacefulqode.com/themes/architeck/rev-slider/css/closedhand.cur]
[peacefulqode.com/themes/architeck/rev-slider/assets/gridtile.png]
[peacefulqode.com/themes/architeck/rev-slider/assets/gridtile_white.png]
[peacefulqode.com/themes/architeck/rev-slider/assets/gridtile_3x3.png]
[peacefulqode.com/themes/architeck/rev-slider/assets/gridtile_3x3_white.png]
[peacefulqode.com/themes/architeck/rev-slider/assets/coloredbg.png]
[peacefulqode.com/themes/architeck/rev-slider/assets/loader.gif]
[peacefulqode.com/themes/architeck/rev-slider/css/rs6.css]
[peacefulqode.com/themes/architeck/css/all.min.css]
[peacefulqode.com/themes/architeck/css/flaticon/flaticon.css]
[peacefulqode.com/themes/architeck/css/ionicons.min.css]
[peacefulqode.com/themes/architeck/css/owl-carousel/owl.carousel.min.css]
[peacefulqode.com/themes/architeck/css/magnific-popup.min.css]
[peacefulqode.com/themes/architeck/css/animate.min.css]
[peacefulqode.com/themes/architeck/css/animate.css]
[peacefulqode.com/themes/architeck/css/style.css]
[peacefulqode.com/themes/architeck/css/responsive.css]
[peacefulqode.com/themes/architeck/frequently-asked-questions-2.html]
[peacefulqode.com/themes/architeck/rev-slider/assets/62-50x100.jpg]
[peacefulqode.com/themes/architeck/rev-slider/assets/62.jpg]
[peacefulqode.com/themes/architeck/rev-slider/assets/61-50x100.jpg]
[peacefulqode.com/themes/architeck/rev-slider/assets/61.jpg]
[peacefulqode.com/themes/architeck/rev-slider/assets/63-50x100.jpg]
[peacefulqode.com/themes/architeck/rev-slider/assets/63.jpg]
[peacefulqode.com/themes/architeck/images/about/demo-3.jpg]
[peacefulqode.com/themes/architeck/images/sign.png]
[peacefulqode.com/themes/architeck/images/bg/bg-01.png]
[peacefulqode.com/themes/architeck/images/process/01.jpg]
[peacefulqode.com/themes/architeck/images/process/02.jpg]
[peacefulqode.com/themes/architeck/images/process/03.jpg]
[peacefulqode.com/themes/architeck/images/portfolio/1-portfoliyo.jpg]
[peacefulqode.com/themes/architeck/images/portfolio/2-portfoliyo.jpg]
[peacefulqode.com/themes/architeck/images/portfolio/3-portfoliyo.jpg]
[peacefulqode.com/themes/architeck/images/portfolio/4-portfoliyo.jpg]
[peacefulqode.com/themes/architeck/images/portfolio/5-portfoliyo.jpg]
[peacefulqode.com/themes/architeck/images/portfolio/6-portfoliyo.jpg]
[peacefulqode.com/themes/architeck/images/portfolio/7-portfoliyo.jpg]
[peacefulqode.com/themes/architeck/images/portfolio/8-portfoliyo.jpg]
[peacefulqode.com/themes/architeck/images/bg/01.jpg]
[peacefulqode.com/themes/architeck/images/bg/03.png]
[peacefulqode.com/themes/architeck/images/bg/04.png]
[peacefulqode.com/themes/architeck/images/client/0001.png]
[peacefulqode.com/themes/architeck/images/client/0002.png]
[peacefulqode.com/themes/architeck/images/client/0003.png]
[peacefulqode.com/themes/architeck/images/client/0004.png]
[peacefulqode.com/themes/architeck/images/client/0005.png]
[peacefulqode.com/themes/architeck/images/client/0006.png]
[peacefulqode.com/themes/architeck/images/client/0007.png]
[peacefulqode.com/themes/architeck/images/client/0008.png]
[peacefulqode.com/themes/architeck/images/about/demo-4.jpg]
[peacefulqode.com/themes/architeck/images/about/demo-6.png]
[peacefulqode.com/themes/architeck/images/about/demo-7.png]
[peacefulqode.com/themes/architeck/images/about/demo-5.jpg]
[peacefulqode.com/themes/architeck/images/bg/05.png]
[peacefulqode.com/themes/architeck/index-2.html]
[architeck.peacefulqode.com/wp-content/uploads/2020/05/logo.png]
[peacefulqode.com/themes/architeck/rev-slider/assets/banner-2-50x100.jpg]
[peacefulqode.com/themes/architeck/rev-slider/assets/banner-2.jpg]
[peacefulqode.com/themes/architeck/rev-slider/assets/banner-3-50x100.jpg]
[peacefulqode.com/themes/architeck/rev-slider/assets/banner-3.jpg]
[peacefulqode.com/themes/architeck/rev-slider/assets/banner-50x100.jpg]
[peacefulqode.com/themes/architeck/rev-slider/assets/banner.jpg]
[peacefulqode.com/themes/architeck/images/bg/05.jpg]
[peacefulqode.com/themes/architeck/about-us,html]
[peacefulqode.com/themes/architeck/index-3.html]
[peacefulqode.com/themes/architeck/rev-slider/assets/index-4/banner-3-50x100.jpg]
[peacefulqode.com/themes/architeck/rev-slider/assets/index-4/banner-3.jpg]
[peacefulqode.com/themes/architeck/assets/banner-2-50x100.jpg]
[peacefulqode.com/themes/architeck/rev-slider/assets/index-4/banner-2.jpg]
[peacefulqode.com/themes/architeck/images/bg/08.jpg]
[peacefulqode.com/themes/architeck/images/about/demo-13.jpg]
[peacefulqode.com/themes/architeck/images/testimonial/te-4.jpg]
[peacefulqode.com/themes/architeck/images/testimonial/te-3.jpg]
[peacefulqode.com/themes/architeck/images/testimonial/te-2.jpg]
[peacefulqode.com/themes/architeck/index-4.html]
[peacefulqode.com/themes/architeck/rev-slider/assets/project-planning/banner-31.jpg]
[peacefulqode.com/themes/architeck/rev-slider/assets/project-planning/62.jpg]
[peacefulqode.com/themes/architeck/rev-slider/assets/project-planning/63.jpg]
[peacefulqode.com/themes/architeck/images/bg/09.png]
[peacefulqode.com/themes/architeck/index-5.html]
[peacefulqode.com/themes/architeck/images/about/demo-15.jpg]
[peacefulqode.com/themes/architeck/images/about/demo-16.jpg]
[peacefulqode.com/themes/architeck/images/about/demo-14.jpg]
[peacefulqode.com/themes/architeck/index-6.html]
[peacefulqode.com/themes/architeck/images/about/demo-7.jpg]
[peacefulqode.com/themes/architeck/about-us.html]
[peacefulqode.com/themes/architeck/images/about/demo-8.jpg]
[peacefulqode.com/themes/architeck/images/about/demo-10.png]
[peacefulqode.com/themes/architeck/about-me.html]
[peacefulqode.com/themes/architeck/our-services.html]
[peacefulqode.com/themes/architeck/our-team.html]
[peacefulqode.com/themes/architeck/leadership.html]
[peacefulqode.com/themes/architeck/our-process.html]
[peacefulqode.com/themes/architeck/our-client.html]
[peacefulqode.com/themes/architeck/pricing-plans.html]
[peacefulqode.com/themes/architeck/Frequently-Asked-Questions.html]
[peacefulqode.com/themes/architeck/404.html]
[peacefulqode.com/themes/architeck/2-columns.html]
[peacefulqode.com/themes/architeck/images/portfolio/9-portfoliyo.jpg]
[peacefulqode.com/themes/architeck/3-columns.html]
[peacefulqode.com/themes/architeck/3-columns-wide.html]
[peacefulqode.com/themes/architeck/4-columns-wide.html]
[peacefulqode.com/themes/architeck/images/about/demo-11.png]
[peacefulqode.com/themes/architeck/portfolio-slider.html]
[peacefulqode.com/themes/architeck/images/Portfolio/p-1.jpg]
[peacefulqode.com/themes/architeck/images/Portfolio/p-2.jpg]
[peacefulqode.com/themes/architeck/images/Portfolio/p-3.jpg]
[peacefulqode.com/themes/architeck/images/Portfolio/p-4.jpg]
[peacefulqode.com/themes/architeck/images/Portfolio/p-5.jpg]
[peacefulqode.com/themes/architeck/images/Portfolio/p-6.jpg]
[peacefulqode.com/themes/architeck/portfolio-gallery.html]
[peacefulqode.com/themes/architeck/images/blog/blog-5.jpg]
[peacefulqode.com/themes/architeck/images/bg/06.jpg]
[peacefulqode.com/themes/architeck/portfolio-single.html]
[peacefulqode.com/themes/architeck/visualizing-architecture.html]
[peacefulqode.com/themes/architeck/one-column-blog.html]
[peacefulqode.com/themes/architeck/two-column-blog.html]
[peacefulqode.com/themes/architeck/three-column-blog.html]
[peacefulqode.com/themes/architeck/blog-left-sidebar.html]
[peacefulqode.com/themes/architeck/blog-right-sidebar.html]
[peacefulqode.com/themes/architeck/images/contact-img1.jpg]
[peacefulqode.com/themes/architeck/images/contact-img2.jpg]
[peacefulqode.com/themes/architeck/images/contact-img3.jpg]
[peacefulqode.com/themes/architeck/contect-us.html]
[peacefulqode.com/themes/architeck/Main-home.html]
[peacefulqode.com/themes/architeck/Construction.html]
[peacefulqode.com/themes/architeck/Architeck.html]
[peacefulqode.com/themes/architeck/get-in-touch.html]
[peacefulqode.com/themes/architeck/images/about/01.jpg]
[peacefulqode.com/themes/architeck/images/about/demo-12.jpg]
[peacefulqode.com/themes/architeck/blog-single.html]
[peacefulqode.com/themes/architeck/contact-us.html]
[peacefulqode.com/themes/architeck/our-clients.html]
[peacefulqode.com/themes/architeck/rev-slider/fonts/revicons/revicons90c6.svg]
[peacefulqode.com/themes/architeck/rev-slider/css/openhand.html]
[peacefulqode.com/themes/architeck/rev-slider/css/closedhand.html]
[peacefulqode.com/themes/architeck/rev-slider/assets/gridtile.html]
[peacefulqode.com/themes/architeck/rev-slider/assets/gridtile_white.html]
[peacefulqode.com/themes/architeck/rev-slider/assets/gridtile_3x3.html]
[peacefulqode.com/themes/architeck/rev-slider/assets/gridtile_3x3_white.html]
[peacefulqode.com/themes/architeck/rev-slider/assets/coloredbg.html]
[peacefulqode.com/themes/architeck/fonts/fa-brands-400.eot]
[peacefulqode.com/themes/architeck/fonts/fa-brands-400d41d.eot]
[peacefulqode.com/themes/architeck/fonts/fa-brands-400.woff2]
[peacefulqode.com/themes/architeck/fonts/fa-brands-400.woff]
[peacefulqode.com/themes/architeck/fonts/fa-brands-400.ttf]
[peacefulqode.com/themes/architeck/fonts/fa-brands-400.svg]
[peacefulqode.com/themes/architeck/fonts/fa-regular-400.eot]
[peacefulqode.com/themes/architeck/fonts/fa-regular-400d41d.eot]
[peacefulqode.com/themes/architeck/fonts/fa-regular-400.woff2]
[peacefulqode.com/themes/architeck/fonts/fa-regular-400.woff]
[peacefulqode.com/themes/architeck/fonts/fa-regular-400.ttf]
[peacefulqode.com/themes/architeck/fonts/fa-regular-400.svg]
[peacefulqode.com/themes/architeck/fonts/fa-solid-900.eot]
[peacefulqode.com/themes/architeck/fonts/fa-solid-900d41d.eot]
[peacefulqode.com/themes/architeck/fonts/fa-solid-900.woff2]
[peacefulqode.com/themes/architeck/fonts/fa-solid-900.woff]
[peacefulqode.com/themes/architeck/fonts/fa-solid-900.ttf]
[peacefulqode.com/themes/architeck/css/all.min.css]
[peacefulqode.com/themes/architeck/fonts/fa-solid-900.svg]
[peacefulqode.com/themes/architeck/fonts/Flaticon.eot]
[peacefulqode.com/themes/architeck/fonts/Flaticond41d.eot]
[peacefulqode.com/themes/architeck/fonts/Flaticon.woff]
[peacefulqode.com/themes/architeck/fonts/Flaticon.ttf]
[peacefulqode.com/themes/architeck/css/flaticon/flaticon.css]
[peacefulqode.com/themes/architeck/fonts/Flaticon.svg]
[peacefulqode.com/themes/architeck/fonts/ionicons28b5.ttf]
[peacefulqode.com/themes/architeck/fonts/ionicons28b5.eot]
[peacefulqode.com/themes/architeck/fonts/ionicons28b5.woff]
[peacefulqode.com/themes/architeck/css/ionicons.min.css]
[peacefulqode.com/themes/architeck/fonts/ionicons28b5.svg]
[peacefulqode.com/themes/architeck/css/owl-carousel/owl.video.play.png]
[peacefulqode.com/themes/architeck/css/owl-carousel/owl.carousel.min.css]
[peacefulqode.com/themes/architeck/css/magnific-popup.min.css]
[peacefulqode.com/themes/architeck/css/animate.min.css]
[peacefulqode.com/themes/architeck/css/animate.css]
[peacefulqode.com/themes/architeck/frequently-asked-questions-2.html]
[peacefulqode.com/themes/architeck/about-us,html.html]
[peacefulqode.com/themes/architeck/assets/banner-2-50x100.html]
[peacefulqode.com/themes/architeck/images/portfolio/9-portfoliyo.html]
[peacefulqode.com/themes/architeck/images/Portfolio/p-1.html]
[peacefulqode.com/themes/architeck/images/Portfolio/p-2.html]
[peacefulqode.com/themes/architeck/images/Portfolio/p-3.html]
[peacefulqode.com/themes/architeck/images/Portfolio/p-4.html]
[peacefulqode.com/themes/architeck/images/Portfolio/p-5.html]
[peacefulqode.com/themes/architeck/images/Portfolio/p-6.html]
[peacefulqode.com/themes/architeck/visualizing-architecture.html]
[peacefulqode.com/themes/architeck/Main-home.html]
[peacefulqode.com/themes/architeck/Construction.html]
[peacefulqode.com/themes/architeck/Architeck.html]
[peacefulqode.com/themes/architeck/fonts/fa-brands-400.svg]
[peacefulqode.com/themes/architeck/fonts/fa-regular-400.svg]
[peacefulqode.com/themes/architeck/fonts/fa-solid-900.svg]
[peacefulqode.com/themes/architeck/fonts/Flaticon.svg]
[peacefulqode.com/themes/architeck/fonts/ionicons28b5.svg]
[peacefulqode.com/themes/architeck/css/owl-carousel/owl.video.play.html]
