[preview.colorlib.com/theme/travelix/index.html]
[backblue.gif]
[fade.gif]
[index.html]
[preview.colorlib.com/theme/travelix/styles/A.main_styles.css+responsive.css,Mcc.5fwLlPXJ4r.css.pagespeed.cf.lgV_I7NRnj.css]
[preview.colorlib.com/theme/travelix/A.styles,,_bootstrap4,,_bootstrap.min.css+plugins,,_font-awesome-4.7.0,,_css,,_font-awesome.min.css+plugins,,_OwlCarousel2-2.2.1,,_owl.carousel.css+plugins,,_OwlCarousel2-2.2.1,,]
[preview.colorlib.com/theme/travelix/images/logo.png]
[preview.colorlib.com/theme/travelix/about.html]
[preview.colorlib.com/theme/travelix/offers.html]
[preview.colorlib.com/theme/travelix/blog.html]
[preview.colorlib.com/theme/travelix/contact.html]
[preview.colorlib.com/theme/travelix/images/home_slider.jpg]
[preview.colorlib.com/theme/travelix/images/suitcase.png]
[preview.colorlib.com/theme/travelix/images/bus.png]
[preview.colorlib.com/theme/travelix/images/departure.png]
[preview.colorlib.com/theme/travelix/images/island.png]
[preview.colorlib.com/theme/travelix/images/cruise.png]
[preview.colorlib.com/theme/travelix/images/diving.png]
[preview.colorlib.com/theme/travelix/images/intro_1.jpg]
[preview.colorlib.com/theme/travelix/images/intro_2.jpg]
[preview.colorlib.com/theme/travelix/images/intro_3.jpg]
[preview.colorlib.com/theme/travelix/images/cta.jpg]
[preview.colorlib.com/theme/travelix/images/offer_1.jpg]
[preview.colorlib.com/theme/travelix/images/post.png]
[preview.colorlib.com/theme/travelix/images/compass.png]
[preview.colorlib.com/theme/travelix/images/bicycle.png]
[preview.colorlib.com/theme/travelix/images/sailboat.png]
[preview.colorlib.com/theme/travelix/images/offer_2.jpg]
[preview.colorlib.com/theme/travelix/images/offer_3.jpg]
[preview.colorlib.com/theme/travelix/images/offer_4.jpg]
[preview.colorlib.com/theme/travelix/images/xtest_1.jpg.pagespeed.ic.tAbItmKBe8.jpg]
[preview.colorlib.com/theme/travelix/images/backpack.png]
[preview.colorlib.com/theme/travelix/images/test_2.jpg]
[preview.colorlib.com/theme/travelix/images/island_t.png]
[preview.colorlib.com/theme/travelix/images/test_3.jpg]
[preview.colorlib.com/theme/travelix/images/kayak.png]
[preview.colorlib.com/theme/travelix/images/trend_1.png]
[preview.colorlib.com/theme/travelix/images/trend_2.png]
[preview.colorlib.com/theme/travelix/images/trend_3.png]
[preview.colorlib.com/theme/travelix/images/trend_4.png]
[preview.colorlib.com/theme/travelix/images/trend_5.png]
[preview.colorlib.com/theme/travelix/images/trend_6.png]
[preview.colorlib.com/theme/travelix/images/trend_7.png]
[preview.colorlib.com/theme/travelix/images/trend_8.png]
[preview.colorlib.com/theme/travelix/images/contact.png]
[preview.colorlib.com/theme/travelix/images/footer_blog_1.jpg]
[preview.colorlib.com/theme/travelix/images/footer_blog_2.jpg]
[preview.colorlib.com/theme/travelix/images/footer_blog_3.jpg]
[preview.colorlib.com/theme/travelix/images/placeholder.svg]
[preview.colorlib.com/theme/travelix/images/phone-call.svg]
[preview.colorlib.com/theme/travelix/images/message.svg]
[preview.colorlib.com/theme/travelix/images/planet-earth.svg]
[preview.colorlib.com/cdn-cgi/scripts/5c5dd728/cloudflare-static/email-decode.min.js]
[preview.colorlib.com/theme/travelix/js/jquery-3.2.1.min.js]
[preview.colorlib.com/theme/travelix/styles/bootstrap4/popper.js]
[preview.colorlib.com/theme/travelix/styles/bootstrap4/bootstrap.min.js]
[preview.colorlib.com/theme/travelix/plugins/OwlCarousel2-2.2.1/owl.carousel.js]
[preview.colorlib.com/theme/travelix/index.html]
[preview.colorlib.com/theme/travelix/plugins,_easing,_easing.js+js,_custom.js.pagespeed.jc.Equ5KK3795.js]
[preview.colorlib.com/theme/travelix/plugins/font-awesome-4.7.0/fonts/fontawesome-webfont3e6e.eot]
[preview.colorlib.com/theme/travelix/plugins/font-awesome-4.7.0/fonts/fontawesome-webfontd41d.eot]
[preview.colorlib.com/theme/travelix/plugins/font-awesome-4.7.0/fonts/fontawesome-webfont3e6e.woff2]
[preview.colorlib.com/theme/travelix/plugins/font-awesome-4.7.0/fonts/fontawesome-webfont3e6e.woff]
[preview.colorlib.com/theme/travelix/plugins/font-awesome-4.7.0/fonts/fontawesome-webfont3e6e.ttf]
[preview.colorlib.com/theme/travelix/plugins/font-awesome-4.7.0/fonts/fontawesome-webfont3e6e.svg]
[preview.colorlib.com/theme/travelix/plugins/OwlCarousel2-2.2.1/xowl.video.play.png.pagespeed.ic.TL3hJNbNgS.png]
[preview.colorlib.com/theme/travelix/A.styles,,_bootstrap4,,_bootstrap.min.css+plugins,,_font-awesome-4.7.0,,_css,,_font-awesome.min.css+plugins,,_OwlCarousel2-2.2.1,,_owl.carousel.css+plugins,,_OwlCarousel2-2.2.1,,]
[preview.colorlib.com/theme/travelix/images/dropdown.png]
[preview.colorlib.com/theme/travelix/styles/A.main_styles.css+responsive.css,Mcc.5fwLlPXJ4r.css.pagespeed.cf.lgV_I7NRnj.css]
[preview.colorlib.com/cdn-cgi/zaraz/sd0d9.js]
[preview.colorlib.com/theme/travelix/styles/A.about_styles.css+about_responsive.css,Mcc.x1AvdYO_gp.css.pagespeed.cf.RHLW02SLhr.css]
[preview.colorlib.com/theme/travelix/images/xlogo.png.pagespeed.ic.WwqX_K06Sn.png]
[preview.colorlib.com/theme/travelix/index-2.html]
[preview.colorlib.com/theme/travelix/images/intro.png]
[preview.colorlib.com/theme/travelix/images/stats_1.png]
[preview.colorlib.com/theme/travelix/images/stats_2.png]
[preview.colorlib.com/theme/travelix/images/stats_3.png]
[preview.colorlib.com/theme/travelix/images/stats_4.png]
[preview.colorlib.com/theme/travelix/images/add.jpg]
[preview.colorlib.com/theme/travelix/images/milestone_1.png]
[preview.colorlib.com/theme/travelix/images/milestone_2.png]
[preview.colorlib.com/theme/travelix/images/milestone_3.png]
[preview.colorlib.com/theme/travelix/images/milestone_4.png]
[preview.colorlib.com/theme/travelix/images/xfooter_blog_1.jpg.pagespeed.ic.gNnH2BWe4L.jpg]
[preview.colorlib.com/theme/travelix/images/xfooter_blog_2.jpg.pagespeed.ic.twP30c-7ww.jpg]
[preview.colorlib.com/theme/travelix/images/xfooter_blog_3.jpg.pagespeed.ic.1gfXDZtBCi.jpg]
[preview.colorlib.com/theme/travelix/plugins/greensock/TweenMax.min.js]
[preview.colorlib.com/theme/travelix/plugins/greensock,_TimelineMax.min.js+scrollmagic,_ScrollMagic.min.js+greensock,_animation.gsap.min.js+greensock,_ScrollToPlugin.min.js.pagespeed.jc.99LUpdnr2u.js]
[preview.colorlib.com/theme/travelix/about.html]
[preview.colorlib.com/theme/travelix/plugins,_easing,_easing.js+plugins,_parallax-js-master,_parallax.min.js+js,_about_custom.js.pagespeed.jc.Zg9T6Bzg6D.js]
[preview.colorlib.com/theme/travelix/A.styles,,_bootstrap4,,_bootstrap.min.css+plugins,,_font-awesome-4.7.0,,_css,,_font-awesome.min.css,Mcc.OzM49qaZ0r.css.pagespeed.cf.PGSAfPoyM2.css]
[preview.colorlib.com/theme/travelix/styles/A.offers_styles.css+offers_responsive.css,Mcc.te5VF-H1AU.css.pagespeed.cf.RkQBfpjEbH.css]
[preview.colorlib.com/theme/travelix/images/xoffer_1.jpg.pagespeed.ic.Z42fG478OR.jpg]
[preview.colorlib.com/theme/travelix/single_listing.html]
[preview.colorlib.com/theme/travelix/images/offer_5.jpg]
[preview.colorlib.com/theme/travelix/images/offer_6.jpg]
[preview.colorlib.com/theme/travelix/images/offer_7.jpg]
[preview.colorlib.com/theme/travelix/images/offer_8.jpg]
[preview.colorlib.com/theme/travelix/styles,_bootstrap4,_bootstrap.min.js+plugins,_Isotope,_isotope.pkgd.min.js.pagespeed.jc.k3eNgP1vk_.js]
[preview.colorlib.com/theme/travelix/offers.html]
[preview.colorlib.com/theme/travelix/plugins,_easing,_easing.js+plugins,_parallax-js-master,_parallax.min.js+js,_offers_custom.js.pagespeed.jc.fofMqsMU-N.js]
[preview.colorlib.com/theme/travelix/styles/bootstrap4/bootstrap.min.css]
[preview.colorlib.com/theme/travelix/plugins/font-awesome-4.7.0/css/font-awesome.min.css]
[preview.colorlib.com/theme/travelix/plugins/colorbox/colorbox.css]
[preview.colorlib.com/theme/travelix/styles/blog_styles.css]
[preview.colorlib.com/theme/travelix/styles/blog_responsive.css]
[preview.colorlib.com/theme/travelix/images/blog_1.jpg]
[preview.colorlib.com/theme/travelix/images/blog_2.jpg]
[preview.colorlib.com/theme/travelix/images/blog_3.jpg]
[preview.colorlib.com/theme/travelix/images/latest_1.jpg]
[preview.colorlib.com/theme/travelix/images/latest_2.jpg]
[preview.colorlib.com/theme/travelix/images/latest_3.jpg]
[preview.colorlib.com/theme/travelix/images/latest_4.jpg]
[preview.colorlib.com/theme/travelix/images/gallery_1.jpg]
[preview.colorlib.com/theme/travelix/images/gallery_2.jpg]
[preview.colorlib.com/theme/travelix/images/gallery_3.jpg]
[preview.colorlib.com/theme/travelix/images/gallery_4.jpg]
[preview.colorlib.com/theme/travelix/images/gallery_5.jpg]
[preview.colorlib.com/theme/travelix/images/gallery_6.jpg]
[preview.colorlib.com/theme/travelix/plugins/colorbox/jquery.colorbox-min.js]
[preview.colorlib.com/theme/travelix/plugins/parallax-js-master/parallax.min.js]
[preview.colorlib.com/theme/travelix/blog.html]
[preview.colorlib.com/theme/travelix/js/blog_custom.js]
[preview.colorlib.com/theme/travelix/styles/A.contact_styles.css+contact_responsive.css,Mcc.NamkcxBlaS.css.pagespeed.cf.KrMOMp4fzE.css]
[preview.colorlib.com/theme/travelix/images/man.png]
[preview.colorlib.com/theme/travelix/contact.html]
[preview.colorlib.com/theme/travelix/images/placeholder.svg]
[preview.colorlib.com/theme/travelix/images/phone-call.svg]
[preview.colorlib.com/theme/travelix/images/message.svg]
[preview.colorlib.com/theme/travelix/images/planet-earth.svg]
[preview.colorlib.com/theme/travelix/plugins/font-awesome-4.7.0/fonts/fontawesome-webfont3e6e.svg]
[preview.colorlib.com/theme/travelix/styles/A.about_styles.css+about_responsive.css,Mcc.x1AvdYO_gp.css.pagespeed.cf.RHLW02SLhr.css]
[preview.colorlib.com/theme/travelix/styles,_bootstrap4,_bootstrap.min.js+plugins,_parallax-js-master,_parallax.min.js+js,_contact_custom.js.pagespeed.jc.GHWOi4ndp9.js]
[preview.colorlib.com/theme/travelix/images/xhome_slider.jpg.pagespeed.ic.uL-pwFE9PB.jpg]
[preview.colorlib.com/theme/travelix/images/xintro_1.jpg.pagespeed.ic.JhHokoGiba.jpg]
[preview.colorlib.com/theme/travelix/images/xintro_2.jpg.pagespeed.ic.pObZu6dcHm.jpg]
[preview.colorlib.com/theme/travelix/images/xintro_3.jpg.pagespeed.ic.Q8V9-1-ouU.jpg]
[preview.colorlib.com/theme/travelix/images/xcta.jpg.pagespeed.ic.wzWw-x7yyq.jpg]
[preview.colorlib.com/theme/travelix/images/xtest_2.jpg.pagespeed.ic.GDXtOmQHLH.jpg]
[preview.colorlib.com/theme/travelix/images/xtest_3.jpg.pagespeed.ic.ryb0wRrkRH.jpg]
[preview.colorlib.com/theme/travelix/images/xtrend_1.png.pagespeed.ic.CQ2PcQxrFP.jpg]
[preview.colorlib.com/theme/travelix/images/xtrend_2.png.pagespeed.ic.EuYadBSYGm.jpg]
[preview.colorlib.com/theme/travelix/images/xtrend_3.png.pagespeed.ic.jotVMiq1Qy.jpg]
[preview.colorlib.com/theme/travelix/images/xtrend_4.png.pagespeed.ic.XUrnkvgg9t.jpg]
[preview.colorlib.com/theme/travelix/images/xtrend_5.png.pagespeed.ic.fGrJb_H8am.jpg]
[preview.colorlib.com/theme/travelix/images/xtrend_6.png.pagespeed.ic.CTrIzto3jI.jpg]
[preview.colorlib.com/theme/travelix/images/xtrend_7.png.pagespeed.ic.I0o3X5Z4ba.jpg]
[preview.colorlib.com/theme/travelix/images/xtrend_8.png.pagespeed.ic.47pyNTsGE-.jpg]
[preview.colorlib.com/theme/travelix/index-2.html]
[preview.colorlib.com/theme/travelix/A.styles,,_bootstrap4,,_bootstrap.min.css+plugins,,_font-awesome-4.7.0,,_css,,_font-awesome.min.css,Mcc.OzM49qaZ0r.css.pagespeed.cf.PGSAfPoyM2.css]
[preview.colorlib.com/theme/travelix/styles/A.offers_styles.css+offers_responsive.css,Mcc.te5VF-H1AU.css.pagespeed.cf.RkQBfpjEbH.css]
[preview.colorlib.com/theme/travelix/plugins/OwlCarousel2-2.2.1/owl.carousel.css]
[preview.colorlib.com/theme/travelix/plugins/OwlCarousel2-2.2.1/owl.theme.default.css]
[preview.colorlib.com/theme/travelix/plugins/OwlCarousel2-2.2.1/animate.css]
[preview.colorlib.com/theme/travelix/styles/single_listing_styles.css]
[preview.colorlib.com/theme/travelix/styles/single_listing_responsive.css]
[preview.colorlib.com/theme/travelix/images/listing_hotel.jpg]
[preview.colorlib.com/theme/travelix/images/listing_1.jpg]
[preview.colorlib.com/theme/travelix/images/listing_thumb_1.jpg]
[preview.colorlib.com/theme/travelix/images/listing_2.jpg]
[preview.colorlib.com/theme/travelix/images/listing_thumb_2.jpg]
[preview.colorlib.com/theme/travelix/images/listing_3.jpg]
[preview.colorlib.com/theme/travelix/images/listing_thumb_3.jpg]
[preview.colorlib.com/theme/travelix/images/listing_4.jpg]
[preview.colorlib.com/theme/travelix/images/listing_thumb_4.jpg]
[preview.colorlib.com/theme/travelix/images/listing_5.jpg]
[preview.colorlib.com/theme/travelix/images/listing_thumb_5.jpg]
[preview.colorlib.com/theme/travelix/images/listing_6.jpg]
[preview.colorlib.com/theme/travelix/images/listing_thumb_6.jpg]
[preview.colorlib.com/theme/travelix/images/listing_7.jpg]
[preview.colorlib.com/theme/travelix/images/listing_thumb_7.jpg]
[preview.colorlib.com/theme/travelix/images/listing_8.jpg]
[preview.colorlib.com/theme/travelix/images/listing_thumb_8.jpg]
[preview.colorlib.com/theme/travelix/images/listing_9.jpg]
[preview.colorlib.com/theme/travelix/images/listing_thumb_9.jpg]
[preview.colorlib.com/theme/travelix/images/room_1.jpg]
[preview.colorlib.com/theme/travelix/images/room_2.jpg]
[preview.colorlib.com/theme/travelix/images/review_1.jpg]
[preview.colorlib.com/theme/travelix/images/review_2.jpg]
[preview.colorlib.com/theme/travelix/plugins/easing/easing.js]
[preview.colorlib.com/theme/travelix/single_listing.html]
[preview.colorlib.com/theme/travelix/styles/bootstrap4/bootstrap.min.css]
[preview.colorlib.com/theme/travelix/plugins/font-awesome-4.7.0/css/font-awesome.min.css]
[preview.colorlib.com/theme/travelix/js/single_listing_custom.js]
[preview.colorlib.com/theme/travelix/plugins/colorbox/images/controls.png]
[preview.colorlib.com/theme/travelix/plugins/colorbox/images/border.png]
[preview.colorlib.com/theme/travelix/plugins/colorbox/images/loading_background.png]
[preview.colorlib.com/theme/travelix/plugins/colorbox/images/loading.gif]
[preview.colorlib.com/theme/travelix/plugins/colorbox/colorbox.css]
[preview.colorlib.com/theme/travelix/fonts/beyond_the_mountains.otf]
[preview.colorlib.com/theme/travelix/styles/blog_styles.css]
[preview.colorlib.com/theme/travelix/styles/blog_responsive.css]
[preview.colorlib.com/theme/travelix/styles/A.contact_styles.css+contact_responsive.css,Mcc.NamkcxBlaS.css.pagespeed.cf.KrMOMp4fzE.css]
[preview.colorlib.com/theme/travelix/fonts/beyond_the_mountains.ttf]
[preview.colorlib.com/theme/travelix/plugins/OwlCarousel2-2.2.1/owl.video.play.png]
[preview.colorlib.com/theme/travelix/plugins/OwlCarousel2-2.2.1/owl.carousel.css]
[preview.colorlib.com/theme/travelix/plugins/OwlCarousel2-2.2.1/owl.theme.default.css]
[preview.colorlib.com/theme/travelix/plugins/OwlCarousel2-2.2.1/animate.css]
[preview.colorlib.com/theme/travelix/styles/single_listing_styles.css]
[preview.colorlib.com/theme/travelix/styles/single_listing_responsive.css]
